<html>
<body>
<pre>
<h1>µVision Build Log</h1>
<h2>Tool Versions:</h2>
IDE-Version: ¦ÌVision V5.38.0.0
Copyright (C) 2022 ARM Ltd and ARM Germany GmbH. All rights reserved.
License Information: 1 1, 1, LIC=UJWP0-BYE79-SB8EJ-UWYW8-JFC8J-MUI68
 
Tool Versions:
Toolchain:       MDK-ARM Plus  Version: 5.38.0.0
Toolchain Path:  C:\Keil_v5\ARM\ARMCC\Bin
C Compiler:      Armcc.exe V5.06 update 7 (build 960)
Assembler:       Armasm.exe V5.06 update 7 (build 960)
Linker/Locator:  ArmLink.exe V5.06 update 7 (build 960)
Library Manager: ArmAr.exe V5.06 update 7 (build 960)
Hex Converter:   FromElf.exe V5.06 update 7 (build 960)
CPU DLL:         SARMCM3.DLL V5.38.0.0
Dialog DLL:      DCM.DLL V1.17.5.0
Target DLL:      CMSIS_AGDI.dll V1.33.15.0
Dialog DLL:      TCM.DLL V1.56.4.0
 
<h2>Project:</h2>
c:\MyStm32Project\bluetooth-car_Stm32f103C8t6\project.uvprojx
Project File Date:  09/15/2023

<h2>Output:</h2>
*** Using Compiler 'V5.06 update 7 (build 960)', folder: 'C:\Keil_v5\ARM\ARMCC\Bin'
Build target 'Target 1'
Note: source file '.\Hardware\LED.c' - object file renamed from '.\Objects\LED.o' to '.\Objects\led_1.o'.
compiling main.c...
.\Hardware\Key.h(8): warning:  #1-D: last line of file ends without a newline
  #endif
.\Hardware\Serial.h(22): warning:  #1-D: last line of file ends without a newline
  #endif
.\Hardware\OLED.h(21): warning:  #1-D: last line of file ends without a newline
  #endif
.\Hardware\Servo.h(10): warning:  #1-D: last line of file ends without a newline
  #endif
.\Hardware\Motor.h(14): warning:  #1-D: last line of file ends without a newline
  #endif
.\Hardware\Ultrasonic.h(5): warning:  #1295-D: Deprecated declaration Ultrasonic_Start - give arg types
  void Ultrasonic_Start();
.\Hardware\Ultrasonic.h(7): warning:  #1295-D: Deprecated declaration Ultrasonic_GetValue - give arg types
  uint16_t Ultrasonic_GetValue();
.\Hardware\Ultrasonic.h(9): warning:  #1-D: last line of file ends without a newline
  #endif
User\main.c(183): warning:  #177-D: variable "sum1"  was declared but never referenced
  	uint32_t sum1 = 0;
User\main.c(184): warning:  #177-D: variable "sum2"  was declared but never referenced
  	uint32_t sum2 = 0;
User\main.c(185): warning:  #177-D: variable "send_data1"  was declared but never referenced
  	uint32_t send_data1 = 1;
User\main.c(876): warning:  #1-D: last line of file ends without a newline
  }
User\main.c(735): warning:  #177-D: variable "keyNum"  was declared but never referenced
  	u8 keyNum = 0;
User\main.c: 13 warnings, 0 errors
linking...
Program Size: Code=16900 RO-data=1924 RW-data=212 ZI-data=12244  
".\Objects\project.axf" - 0 Error(s), 13 Warning(s).

<h2>Software Packages used:</h2>

Package Vendor: Keil
                https://www.keil.com/pack/Keil.STM32F1xx_DFP.2.4.1.pack
                Keil.STM32F1xx_DFP.2.4.1
                STMicroelectronics STM32F1 Series Device Support, Drivers and Examples

<h2>Collection of Component include folders:</h2>
  C:/Users/mac/AppData/Local/Arm/Packs/Keil/STM32F1xx_DFP/2.4.1/Device/Include

<h2>Collection of Component Files used:</h2>
Build Time Elapsed:  00:00:01
</pre>
</body>
</html>
