Component: ARM Compiler 5.06 update 7 (build 960) Tool: armlink [4d3601]

==============================================================================

Section Cross References

    startup_stm32f10x_md.o(RESET) refers to startup_stm32f10x_md.o(STACK) for __initial_sp
    startup_stm32f10x_md.o(RESET) refers to startup_stm32f10x_md.o(.text) for Reset_Handler
    startup_stm32f10x_md.o(RESET) refers to stm32f10x_it.o(i.NMI_Handler) for NMI_Handler
    startup_stm32f10x_md.o(RESET) refers to stm32f10x_it.o(i.HardFault_Handler) for HardFault_Handler
    startup_stm32f10x_md.o(RESET) refers to stm32f10x_it.o(i.MemManage_Handler) for MemManage_Handler
    startup_stm32f10x_md.o(RESET) refers to stm32f10x_it.o(i.BusFault_Handler) for BusFault_Handler
    startup_stm32f10x_md.o(RESET) refers to stm32f10x_it.o(i.UsageFault_Handler) for UsageFault_Handler
    startup_stm32f10x_md.o(RESET) refers to port.o(.emb_text) for SVC_Handler
    startup_stm32f10x_md.o(RESET) refers to stm32f10x_it.o(i.DebugMon_Handler) for DebugMon_Handler
    startup_stm32f10x_md.o(RESET) refers to port.o(i.SysTick_Handler) for SysTick_Handler
    startup_stm32f10x_md.o(RESET) refers to timer.o(i.TIM4_IRQHandler) for TIM4_IRQHandler
    startup_stm32f10x_md.o(RESET) refers to serial.o(i.USART1_IRQHandler) for USART1_IRQHandler
    startup_stm32f10x_md.o(.text) refers to system_stm32f10x.o(i.SystemInit) for SystemInit
    startup_stm32f10x_md.o(.text) refers to entry.o(.ARM.Collect$$$$00000000) for __main
    system_stm32f10x.o(i.SetSysClock) refers to system_stm32f10x.o(i.SetSysClockTo72) for SetSysClockTo72
    system_stm32f10x.o(i.SystemCoreClockUpdate) refers to system_stm32f10x.o(.data) for SystemCoreClock
    system_stm32f10x.o(i.SystemInit) refers to system_stm32f10x.o(i.SetSysClock) for SetSysClock
    stm32f10x_adc.o(i.ADC_DeInit) refers to stm32f10x_rcc.o(i.RCC_APB2PeriphResetCmd) for RCC_APB2PeriphResetCmd
    stm32f10x_bkp.o(i.BKP_DeInit) refers to stm32f10x_rcc.o(i.RCC_BackupResetCmd) for RCC_BackupResetCmd
    stm32f10x_can.o(i.CAN_DeInit) refers to stm32f10x_rcc.o(i.RCC_APB1PeriphResetCmd) for RCC_APB1PeriphResetCmd
    stm32f10x_can.o(i.CAN_GetITStatus) refers to stm32f10x_can.o(i.CheckITStatus) for CheckITStatus
    stm32f10x_cec.o(i.CEC_DeInit) refers to stm32f10x_rcc.o(i.RCC_APB1PeriphResetCmd) for RCC_APB1PeriphResetCmd
    stm32f10x_dac.o(i.DAC_DeInit) refers to stm32f10x_rcc.o(i.RCC_APB1PeriphResetCmd) for RCC_APB1PeriphResetCmd
    stm32f10x_flash.o(i.FLASH_EnableWriteProtection) refers to stm32f10x_flash.o(i.FLASH_WaitForLastOperation) for FLASH_WaitForLastOperation
    stm32f10x_flash.o(i.FLASH_EraseAllBank1Pages) refers to stm32f10x_flash.o(i.FLASH_WaitForLastBank1Operation) for FLASH_WaitForLastBank1Operation
    stm32f10x_flash.o(i.FLASH_EraseAllPages) refers to stm32f10x_flash.o(i.FLASH_WaitForLastOperation) for FLASH_WaitForLastOperation
    stm32f10x_flash.o(i.FLASH_EraseOptionBytes) refers to stm32f10x_flash.o(i.FLASH_GetReadOutProtectionStatus) for FLASH_GetReadOutProtectionStatus
    stm32f10x_flash.o(i.FLASH_EraseOptionBytes) refers to stm32f10x_flash.o(i.FLASH_WaitForLastOperation) for FLASH_WaitForLastOperation
    stm32f10x_flash.o(i.FLASH_ErasePage) refers to stm32f10x_flash.o(i.FLASH_WaitForLastOperation) for FLASH_WaitForLastOperation
    stm32f10x_flash.o(i.FLASH_ProgramHalfWord) refers to stm32f10x_flash.o(i.FLASH_WaitForLastOperation) for FLASH_WaitForLastOperation
    stm32f10x_flash.o(i.FLASH_ProgramOptionByteData) refers to stm32f10x_flash.o(i.FLASH_WaitForLastOperation) for FLASH_WaitForLastOperation
    stm32f10x_flash.o(i.FLASH_ProgramWord) refers to stm32f10x_flash.o(i.FLASH_WaitForLastOperation) for FLASH_WaitForLastOperation
    stm32f10x_flash.o(i.FLASH_ReadOutProtection) refers to stm32f10x_flash.o(i.FLASH_WaitForLastOperation) for FLASH_WaitForLastOperation
    stm32f10x_flash.o(i.FLASH_UserOptionByteConfig) refers to stm32f10x_flash.o(i.FLASH_WaitForLastOperation) for FLASH_WaitForLastOperation
    stm32f10x_flash.o(i.FLASH_WaitForLastBank1Operation) refers to stm32f10x_flash.o(i.FLASH_GetBank1Status) for FLASH_GetBank1Status
    stm32f10x_flash.o(i.FLASH_WaitForLastOperation) refers to stm32f10x_flash.o(i.FLASH_GetBank1Status) for FLASH_GetBank1Status
    stm32f10x_gpio.o(i.GPIO_AFIODeInit) refers to stm32f10x_rcc.o(i.RCC_APB2PeriphResetCmd) for RCC_APB2PeriphResetCmd
    stm32f10x_gpio.o(i.GPIO_DeInit) refers to stm32f10x_rcc.o(i.RCC_APB2PeriphResetCmd) for RCC_APB2PeriphResetCmd
    stm32f10x_i2c.o(i.I2C_DeInit) refers to stm32f10x_rcc.o(i.RCC_APB1PeriphResetCmd) for RCC_APB1PeriphResetCmd
    stm32f10x_i2c.o(i.I2C_Init) refers to stm32f10x_rcc.o(i.RCC_GetClocksFreq) for RCC_GetClocksFreq
    stm32f10x_pwr.o(i.PWR_DeInit) refers to stm32f10x_rcc.o(i.RCC_APB1PeriphResetCmd) for RCC_APB1PeriphResetCmd
    stm32f10x_rcc.o(i.RCC_GetClocksFreq) refers to stm32f10x_rcc.o(.data) for APBAHBPrescTable
[...]
    ../clib/microlib/init/entry.s            0x00000000   Number         0  entry8b.o ABSOLUTE
    ../clib/microlib/init/entry.s            0x00000000   Number         0  entry5.o ABSOLUTE
    ../clib/microlib/init/entry.s            0x00000000   Number         0  entry7b.o ABSOLUTE
    ../clib/microlib/init/entry.s            0x00000000   Number         0  entry2.o ABSOLUTE
    ../clib/microlib/init/entry.s            0x00000000   Number         0  entry9a.o ABSOLUTE
    ../clib/microlib/init/entry.s            0x00000000   Number         0  entry9b.o ABSOLUTE
    ../clib/microlib/init/entry.s            0x00000000   Number         0  entry7a.o ABSOLUTE
    ../clib/microlib/init/entry.s            0x00000000   Number         0  entry10a.o ABSOLUTE
    ../clib/microlib/init/entry.s            0x00000000   Number         0  entry.o ABSOLUTE
    ../clib/microlib/longlong.c              0x00000000   Number         0  llsshr.o ABSOLUTE
    ../clib/microlib/longlong.c              0x00000000   Number         0  llushr.o ABSOLUTE
    ../clib/microlib/longlong.c              0x00000000   Number         0  llshl.o ABSOLUTE
    ../clib/microlib/printf/printf.c         0x00000000   Number         0  printfa.o ABSOLUTE
    ../clib/microlib/stdio/streams.c         0x00000000   Number         0  stdout.o ABSOLUTE
    ../clib/microlib/string/memcpy.c         0x00000000   Number         0  memcpya.o ABSOLUTE
    ../clib/microlib/string/memcpy.c         0x00000000   Number         0  memcpyb.o ABSOLUTE
    ../clib/microlib/string/strcmp.c         0x00000000   Number         0  strcmp.o ABSOLUTE
    ../clib/microlib/string/strlen.c         0x00000000   Number         0  strlen.o ABSOLUTE
    ../clib/microlib/string/strtok.c         0x00000000   Number         0  strtok_r.o ABSOLUTE
    ../clib/microlib/string/strtok.c         0x00000000   Number         0  strtok.o ABSOLUTE
    ../clib/microlib/stubs.s                 0x00000000   Number         0  iusefp.o ABSOLUTE
    ../clib/scanf.c                          0x00000000   Number         0  _chval.o ABSOLUTE
    ../clib/scanf.c                          0x00000000   Number         0  _strtoul.o ABSOLUTE
    ../clib/scanf.c                          0x00000000   Number         0  strtol.o ABSOLUTE
    ../clib/scanf.c                          0x00000000   Number         0  atoi.o ABSOLUTE
    ../fplib/microlib/fpadd.c                0x00000000   Number         0  fadd.o ABSOLUTE
    ../fplib/microlib/fpadd.c                0x00000000   Number         0  dadd.o ABSOLUTE
    ../fplib/microlib/fpdiv.c                0x00000000   Number         0  ddiv.o ABSOLUTE
    ../fplib/microlib/fpdiv.c                0x00000000   Number         0  fdiv.o ABSOLUTE
    ../fplib/microlib/fpepilogue.c           0x00000000   Number         0  fepilogue.o ABSOLUTE
    ../fplib/microlib/fpepilogue.c           0x00000000   Number         0  depilogue.o ABSOLUTE
    ../fplib/microlib/fpfix.c                0x00000000   Number         0  dfixul.o ABSOLUTE
    ../fplib/microlib/fpfix.c                0x00000000   Number         0  ffixui.o ABSOLUTE
    ../fplib/microlib/fpfix.c                0x00000000   Number         0  dfixui.o ABSOLUTE
    ../fplib/microlib/fpflt.c                0x00000000   Number         0  dfltui.o ABSOLUTE
    ../fplib/microlib/fpflt.c                0x00000000   Number         0  fflti.o ABSOLUTE
    ../fplib/microlib/fpflt.c                0x00000000   Number         0  ffltui.o ABSOLUTE
    ../fplib/microlib/fpmul.c                0x00000000   Number         0  dmul.o ABSOLUTE
    ../fplib/microlib/fpmul.c                0x00000000   Number         0  fmul.o ABSOLUTE
    FreeRTOS\\portable\\RVDS\\ARM_CM3\\port.c 0x00000000   Number         0  port.o ABSOLUTE
    FreeRTOS\croutine.c                      0x00000000   Number         0  croutine.o ABSOLUTE
    FreeRTOS\event_groups.c                  0x00000000   Number         0  event_groups.o ABSOLUTE
    FreeRTOS\list.c                          0x00000000   Number         0  list.o ABSOLUTE
    FreeRTOS\portable\MemMang\heap_4.c       0x00000000   Number         0  heap_4.o ABSOLUTE
    FreeRTOS\portable\RVDS\ARM_CM3\port.c    0x00000000   Number         0  port.o ABSOLUTE
    FreeRTOS\queue.c                         0x00000000   Number         0  queue.o ABSOLUTE
    FreeRTOS\tasks.c                         0x00000000   Number         0  tasks.o ABSOLUTE
    FreeRTOS\timers.c                        0x00000000   Number         0  timers.o ABSOLUTE
    Hardware\Key.c                           0x00000000   Number         0  key.o ABSOLUTE
    Hardware\LED.c                           0x00000000   Number         0  led_1.o ABSOLUTE
    Hardware\Motor.c                         0x00000000   Number         0  motor.o ABSOLUTE
    Hardware\OLED.c                          0x00000000   Number         0  oled.o ABSOLUTE
    Hardware\PWM.c                           0x00000000   Number         0  pwm.o ABSOLUTE
    Hardware\Serial.c                        0x00000000   Number         0  serial.o ABSOLUTE
    Hardware\Servo.c                         0x00000000   Number         0  servo.o ABSOLUTE
    Hardware\Ultrasonic.c                    0x00000000   Number         0  ultrasonic.o ABSOLUTE
    Library\misc.c                           0x00000000   Number         0  misc.o ABSOLUTE
    Library\stm32f10x_adc.c                  0x00000000   Number         0  stm32f10x_adc.o ABSOLUTE
    Library\stm32f10x_bkp.c                  0x00000000   Number         0  stm32f10x_bkp.o ABSOLUTE
    Library\stm32f10x_can.c                  0x00000000   Number         0  stm32f10x_can.o ABSOLUTE
    Library\stm32f10x_cec.c                  0x00000000   Number         0  stm32f10x_cec.o ABSOLUTE
    Library\stm32f10x_crc.c                  0x00000000   Number         0  stm32f10x_crc.o ABSOLUTE
    Library\stm32f10x_dac.c                  0x00000000   Number         0  stm32f10x_dac.o ABSOLUTE
    Library\stm32f10x_dbgmcu.c               0x00000000   Number         0  stm32f10x_dbgmcu.o ABSOLUTE
    Library\stm32f10x_dma.c                  0x00000000   Number         0  stm32f10x_dma.o ABSOLUTE
    Library\stm32f10x_exti.c                 0x00000000   Number         0  stm32f10x_exti.o ABSOLUTE
    Library\stm32f10x_flash.c                0x00000000   Number         0  stm32f10x_flash.o ABSOLUTE
    Library\stm32f10x_fsmc.c                 0x00000000   Number         0  stm32f10x_fsmc.o ABSOLUTE
    Library\stm32f10x_gpio.c                 0x00000000   Number         0  stm32f10x_gpio.o ABSOLUTE
    Library\stm32f10x_i2c.c                  0x00000000   Number         0  stm32f10x_i2c.o ABSOLUTE
    Library\stm32f10x_iwdg.c                 0x00000000   Number         0  stm32f10x_iwdg.o ABSOLUTE
    Library\stm32f10x_pwr.c                  0x00000000   Number         0  stm32f10x_pwr.o ABSOLUTE
    Library\stm32f10x_rcc.c                  0x00000000   Number         0  stm32f10x_rcc.o ABSOLUTE
    Library\stm32f10x_rtc.c                  0x00000000   Number         0  stm32f10x_rtc.o ABSOLUTE
    Library\stm32f10x_sdio.c                 0x00000000   Number         0  stm32f10x_sdio.o ABSOLUTE
    Library\stm32f10x_spi.c                  0x00000000   Number         0  stm32f10x_spi.o ABSOLUTE
    Library\stm32f10x_tim.c                  0x00000000   Number         0  stm32f10x_tim.o ABSOLUTE
    Library\stm32f10x_usart.c                0x00000000   Number         0  stm32f10x_usart.o ABSOLUTE
    Library\stm32f10x_wwdg.c                 0x00000000   Number         0  stm32f10x_wwdg.o ABSOLUTE
    Public\SysTick.c                         0x00000000   Number         0  systick.o ABSOLUTE
    Public\system.c                          0x00000000   Number         0  system.o ABSOLUTE
    Public\usart.c                           0x00000000   Number         0  usart.o ABSOLUTE
    Start\\core_cm3.c                        0x00000000   Number         0  core_cm3.o ABSOLUTE
    Start\core_cm3.c                         0x00000000   Number         0  core_cm3.o ABSOLUTE
    Start\startup_stm32f10x_md.s             0x00000000   Number         0  startup_stm32f10x_md.o ABSOLUTE
    Start\system_stm32f10x.c                 0x00000000   Number         0  system_stm32f10x.o ABSOLUTE
    System\Delay.c                           0x00000000   Number         0  delay.o ABSOLUTE
    System\Timer.c                           0x00000000   Number         0  timer.o ABSOLUTE
    User\main.c                              0x00000000   Number         0  main.o ABSOLUTE
    User\stm32f10x_it.c                      0x00000000   Number         0  stm32f10x_it.o ABSOLUTE
    cdrcmple.s                               0x00000000   Number         0  cdrcmple.o ABSOLUTE
    dc.s                                     0x00000000   Number         0  dc.o ABSOLUTE
    handlers.s                               0x00000000   Number         0  handlers.o ABSOLUTE
    init.s                                   0x00000000   Number         0  init.o ABSOLUTE
    RESET                                    0x08000000   Section      236  startup_stm32f10x_md.o(RESET)
    .ARM.Collect$$$$00000000                 0x080000ec   Section        0  entry.o(.ARM.Collect$$$$00000000)
    .ARM.Collect$$$$00000001                 0x080000ec   Section        4  entry2.o(.ARM.Collect$$$$00000001)
    .ARM.Collect$$$$00000004                 0x080000f0   Section        4  entry5.o(.ARM.Collect$$$$00000004)
    .ARM.Collect$$$$00000008                 0x080000f4   Section        0  entry7b.o(.ARM.Collect$$$$00000008)
    .ARM.Collect$$$$0000000A                 0x080000f4   Section        0  entry8b.o(.ARM.Collect$$$$0000000A)
    .ARM.Collect$$$$0000000B                 0x080000f4   Section        8  entry9a.o(.ARM.Collect$$$$0000000B)
    .ARM.Collect$$$$0000000E                 0x080000fc   Section        4  entry12b.o(.ARM.Collect$$$$0000000E)
    .ARM.Collect$$$$0000000F                 0x08000100   Section        0  entry10a.o(.ARM.Collect$$$$0000000F)
    .ARM.Collect$$$$00000011                 0x08000100   Section        0  entry11a.o(.ARM.Collect$$$$00000011)
    .ARM.Collect$$$$00002712                 0x08000100   Section        4  entry2.o(.ARM.Collect$$$$00002712)
    __lit__00000000                          0x08000100   Data           4  entry2.o(.ARM.Collect$$$$00002712)
    .emb_text                                0x08000104   Section      150  port.o(.emb_text)
    .text                                    0x0800019c   Section       36  startup_stm32f10x_md.o(.text)
    .text                                    0x080001c0   Section        0  memcpya.o(.text)
    .text                                    0x080001e4   Section        0  strlen.o(.text)
    .text                                    0x080001f2   Section        0  strcmp.o(.text)
    .text                                    0x08000210   Section        0  strtok.o(.text)
    .text                                    0x08000254   Section        0  atoi.o(.text)
    .text                                    0x0800026e   Section        0  fadd.o(.text)
    .text                                    0x0800031e   Section        0  fmul.o(.text)
    .text                                    0x08000382   Section        0  fdiv.o(.text)
    .text                                    0x080003fe   Section        0  dmul.o(.text)
    .text                                    0x080004e2   Section        0  ddiv.o(.text)
    .text                                    0x080005c0   Section        0  fflti.o(.text)
    .text                                    0x080005d2   Section        0  ffltui.o(.text)
    .text                                    0x080005dc   Section        0  dfltui.o(.text)
    .text                                    0x080005f6   Section        0  ffixui.o(.text)
    .text                                    0x0800061e   Section        0  dfixui.o(.text)
    .text                                    0x08000650   Section        0  llushr.o(.text)
    .text                                    0x08000670   Section        0  strtol.o(.text)
    .text                                    0x080006e0   Section        0  iusefp.o(.text)
    .text                                    0x080006e0   Section        0  fepilogue.o(.text)
    .text                                    0x0800074e   Section        0  depilogue.o(.text)
    .text                                    0x08000808   Section       36  init.o(.text)
    .text                                    0x0800082c   Section        0  llshl.o(.text)
    .text                                    0x0800084c   Section        0  ctype_o.o(.text)
    .text                                    0x08000854   Section        0  _strtoul.o(.text)
    .text                                    0x080008f2   Section        0  _chval.o(.text)
    i.BusFault_Handler                       0x0800090e   Section        0  stm32f10x_it.o(i.BusFault_Handler)
    i.DebugMon_Handler                       0x08000912   Section        0  stm32f10x_it.o(i.DebugMon_Handler)
    i.Delay_ms                               0x08000914   Section        0  delay.o(i.Delay_ms)
    i.Delay_us                               0x0800092c   Section        0  delay.o(i.Delay_us)
    i.GPIO_Init                              0x0800095a   Section        0  stm32f10x_gpio.o(i.GPIO_Init)
    i.GPIO_ReadInputDataBit                  0x08000a70   Section        0  stm32f10x_gpio.o(i.GPIO_ReadInputDataBit)
    i.GPIO_ResetBits                         0x08000a82   Section        0  stm32f10x_gpio.o(i.GPIO_ResetBits)
    i.GPIO_SetBits                           0x08000a86   Section        0  stm32f10x_gpio.o(i.GPIO_SetBits)
    i.GPIO_WriteBit                          0x08000a8a   Section        0  stm32f10x_gpio.o(i.GPIO_WriteBit)
    i.HardFault_Handler                      0x08000a94   Section        0  stm32f10x_it.o(i.HardFault_Handler)
    i.LED_Init                               0x08000a98   Section        0  led_1.o(i.LED_Init)
    i.MemManage_Handler                      0x08000ac0   Section        0  stm32f10x_it.o(i.MemManage_Handler)
    i.Motor_Init                             0x08000ac4   Section        0  motor.o(i.Motor_Init)
    i.Motor_SetSpeed                         0x08000b58   Section        0  motor.o(i.Motor_SetSpeed)
    i.Motor_SetSpeed2                        0x08000ba0   Section        0  motor.o(i.Motor_SetSpeed2)
    i.Motor_SetSpeed3                        0x08000be8   Section        0  motor.o(i.Motor_SetSpeed3)
    i.Motor_SetSpeed4                        0x08000c34   Section        0  motor.o(i.Motor_SetSpeed4)
    i.NMI_Handler                            0x08000c80   Section        0  stm32f10x_it.o(i.NMI_Handler)
    i.NVIC_Init                              0x08000c84   Section        0  misc.o(i.NVIC_Init)
    i.NVIC_PriorityGroupConfig               0x08000cf4   Section        0  misc.o(i.NVIC_PriorityGroupConfig)
    i.NVIC_SystemReset                       0x08000d08   Section        0  main.o(i.NVIC_SystemReset)
    NVIC_SystemReset                         0x08000d09   Thumb Code    26  main.o(i.NVIC_SystemReset)
    i.OLED_Clear                             0x08000d2c   Section        0  oled.o(i.OLED_Clear)
    i.OLED_I2C_Init                          0x08000d58   Section        0  oled.o(i.OLED_I2C_Init)
    i.OLED_I2C_SendByte                      0x08000d98   Section        0  oled.o(i.OLED_I2C_SendByte)
    i.OLED_I2C_Start                         0x08000dec   Section        0  oled.o(i.OLED_I2C_Start)
    i.OLED_I2C_Stop                          0x08000e20   Section        0  oled.o(i.OLED_I2C_Stop)
    i.OLED_Init                              0x08000e3c   Section        0  oled.o(i.OLED_Init)
    i.OLED_Pow                               0x08000eea   Section        0  oled.o(i.OLED_Pow)
    i.OLED_SetCursor                         0x08000efe   Section        0  oled.o(i.OLED_SetCursor)
    i.OLED_ShowChar                          0x08000f20   Section        0  oled.o(i.OLED_ShowChar)
    i.OLED_ShowNum                           0x08000f94   Section        0  oled.o(i.OLED_ShowNum)
    i.OLED_ShowSignedNum                     0x08000fd8   Section        0  oled.o(i.OLED_ShowSignedNum)
    i.OLED_ShowString                        0x0800103e   Section        0  oled.o(i.OLED_ShowString)
    i.OLED_WriteCommand                      0x08001066   Section        0  oled.o(i.OLED_WriteCommand)
    i.OLED_WriteData                         0x08001086   Section        0  oled.o(i.OLED_WriteData)
    i.PWM_Init                               0x080010a8   Section        0  pwm.o(i.PWM_Init)
    i.PWM_SetCompare1                        0x080011e8   Section        0  pwm.o(i.PWM_SetCompare1)
    i.PWM_SetCompare2                        0x080011f8   Section        0  pwm.o(i.PWM_SetCompare2)
    i.PWM_SetCompare3                        0x08001208   Section        0  pwm.o(i.PWM_SetCompare3)
    i.PWM_SetCompare4                        0x08001218   Section        0  pwm.o(i.PWM_SetCompare4)
    i.PWM_TIM3_SetCompare1                   0x08001228   Section        0  pwm.o(i.PWM_TIM3_SetCompare1)
    i.RCC_APB1PeriphClockCmd                 0x0800123c   Section        0  stm32f10x_rcc.o(i.RCC_APB1PeriphClockCmd)
    i.RCC_APB2PeriphClockCmd                 0x0800125c   Section        0  stm32f10x_rcc.o(i.RCC_APB2PeriphClockCmd)
    i.RCC_GetClocksFreq                      0x0800127c   Section        0  stm32f10x_rcc.o(i.RCC_GetClocksFreq)
    i.Serial_Init                            0x08001350   Section        0  serial.o(i.Serial_Init)
    i.Serial_SendByte                        0x0800140c   Section        0  serial.o(i.Serial_SendByte)
    i.Serial_SendString                      0x0800142c   Section        0  serial.o(i.Serial_SendString)
    i.Servo1_SetAngle                        0x08001448   Section        0  servo.o(i.Servo1_SetAngle)
    i.Servo_Init                             0x08001484   Section        0  servo.o(i.Servo_Init)
    i.SetSysClock                            0x0800148e   Section        0  system_stm32f10x.o(i.SetSysClock)
    SetSysClock                              0x0800148f   Thumb Code     8  system_stm32f10x.o(i.SetSysClock)
    i.SetSysClockTo72                        0x08001498   Section        0  system_stm32f10x.o(i.SetSysClockTo72)
    SetSysClockTo72                          0x08001499   Thumb Code   214  system_stm32f10x.o(i.SetSysClockTo72)
    i.SysTick_Handler                        0x08001578   Section        0  port.o(i.SysTick_Handler)
    i.SystemInit                             0x080015ac   Section        0  system_stm32f10x.o(i.SystemInit)
    i.TIM4_IRQHandler                        0x0800160c   Section        0  timer.o(i.TIM4_IRQHandler)
    i.TIM_ClearFlag                          0x08001648   Section        0  stm32f10x_tim.o(i.TIM_ClearFlag)
    i.TIM_ClearITPendingBit                  0x0800164e   Section        0  stm32f10x_tim.o(i.TIM_ClearITPendingBit)
    i.TIM_Cmd                                0x08001654   Section        0  stm32f10x_tim.o(i.TIM_Cmd)
    i.TIM_GetITStatus                        0x0800166c   Section        0  stm32f10x_tim.o(i.TIM_GetITStatus)
    i.TIM_ITConfig                           0x0800168e   Section        0  stm32f10x_tim.o(i.TIM_ITConfig)
    i.TIM_InternalClockConfig                0x080016a0   Section        0  stm32f10x_tim.o(i.TIM_InternalClockConfig)
    i.TIM_OC1Init                            0x080016ac   Section        0  stm32f10x_tim.o(i.TIM_OC1Init)
    i.TIM_OC2Init                            0x08001744   Section        0  stm32f10x_tim.o(i.TIM_OC2Init)
    i.TIM_OC3Init                            0x080017e8   Section        0  stm32f10x_tim.o(i.TIM_OC3Init)
    i.TIM_OC4Init                            0x08001888   Section        0  stm32f10x_tim.o(i.TIM_OC4Init)
    i.TIM_OCStructInit                       0x08001904   Section        0  stm32f10x_tim.o(i.TIM_OCStructInit)
    i.TIM_SetCompare1                        0x08001918   Section        0  stm32f10x_tim.o(i.TIM_SetCompare1)
    i.TIM_SetCompare2                        0x0800191c   Section        0  stm32f10x_tim.o(i.TIM_SetCompare2)
    i.TIM_SetCompare3                        0x08001920   Section        0  stm32f10x_tim.o(i.TIM_SetCompare3)
    i.TIM_SetCompare4                        0x08001924   Section        0  stm32f10x_tim.o(i.TIM_SetCompare4)
    i.TIM_TimeBaseInit                       0x0800192c   Section        0  stm32f10x_tim.o(i.TIM_TimeBaseInit)
    i.Timer_Init                             0x080019d0   Section        0  timer.o(i.Timer_Init)
    i.USART1_IRQHandler                      0x08001a54   Section        0  serial.o(i.USART1_IRQHandler)
    i.USART_ClearITPendingBit                0x08001af4   Section        0  stm32f10x_usart.o(i.USART_ClearITPendingBit)
    i.USART_Cmd                              0x08001b12   Section        0  stm32f10x_usart.o(i.USART_Cmd)
    i.USART_GetFlagStatus                    0x08001b2a   Section        0  stm32f10x_usart.o(i.USART_GetFlagStatus)
    i.USART_ITConfig                         0x08001b44   Section        0  stm32f10x_usart.o(i.USART_ITConfig)
    i.USART_Init                             0x08001b90   Section        0  stm32f10x_usart.o(i.USART_Init)
    i.USART_ReceiveData                      0x08001c68   Section        0  stm32f10x_usart.o(i.USART_ReceiveData)
    i.USART_SendData                         0x08001c72   Section        0  stm32f10x_usart.o(i.USART_SendData)
    i.Ultrasonic_GetValue                    0x08001c7c   Section        0  ultrasonic.o(i.Ultrasonic_GetValue)
    i.Ultrasonic_Init                        0x08001cd0   Section        0  ultrasonic.o(i.Ultrasonic_Init)
    i.Ultrasonic_Start                       0x08001d24   Section        0  ultrasonic.o(i.Ultrasonic_Start)
    i.UsageFault_Handler                     0x08001d4c   Section        0  stm32f10x_it.o(i.UsageFault_Handler)
    i.__aeabi_errno_addr                     0x08001d50   Section        0  errno.o(i.__aeabi_errno_addr)
    i.__scatterload_copy                     0x08001d58   Section       14  handlers.o(i.__scatterload_copy)
    i.__scatterload_null                     0x08001d66   Section        2  handlers.o(i.__scatterload_null)
    i.__scatterload_zeroinit                 0x08001d68   Section       14  handlers.o(i.__scatterload_zeroinit)
    i.led1_task                              0x08001d78   Section        0  main.o(i.led1_task)
    i.main                                   0x08001da4   Section        0  main.o(i.main)
    i.prvAddCurrentTaskToDelayedList         0x08001e10   Section        0  tasks.o(i.prvAddCurrentTaskToDelayedList)
    prvAddCurrentTaskToDelayedList           0x08001e11   Thumb Code   124  tasks.o(i.prvAddCurrentTaskToDelayedList)
    i.prvAddNewTaskToReadyList               0x08001ea8   Section        0  tasks.o(i.prvAddNewTaskToReadyList)
    prvAddNewTaskToReadyList                 0x08001ea9   Thumb Code   150  tasks.o(i.prvAddNewTaskToReadyList)
    i.prvCheckForValidListAndQueue           0x08001f5c   Section        0  timers.o(i.prvCheckForValidListAndQueue)
    prvCheckForValidListAndQueue             0x08001f5d   Thumb Code    56  timers.o(i.prvCheckForValidListAndQueue)
    i.prvCheckTasksWaitingTermination        0x08001fa8   Section        0  tasks.o(i.prvCheckTasksWaitingTermination)
    prvCheckTasksWaitingTermination          0x08001fa9   Thumb Code    86  tasks.o(i.prvCheckTasksWaitingTermination)
    i.prvCopyDataFromQueue                   0x0800200c   Section        0  queue.o(i.prvCopyDataFromQueue)
    prvCopyDataFromQueue                     0x0800200d   Thumb Code    42  queue.o(i.prvCopyDataFromQueue)
    i.prvCopyDataToQueue                     0x08002036   Section        0  queue.o(i.prvCopyDataToQueue)
    prvCopyDataToQueue                       0x08002037   Thumb Code   106  queue.o(i.prvCopyDataToQueue)
    i.prvDeleteTCB                           0x080020a0   Section        0  tasks.o(i.prvDeleteTCB)
    prvDeleteTCB                             0x080020a1   Thumb Code    18  tasks.o(i.prvDeleteTCB)
    i.prvGetNextExpireTime                   0x080020b4   Section        0  timers.o(i.prvGetNextExpireTime)
    prvGetNextExpireTime                     0x080020b5   Thumb Code    36  timers.o(i.prvGetNextExpireTime)
    i.prvHeapInit                            0x080020dc   Section        0  heap_4.o(i.prvHeapInit)
    prvHeapInit                              0x080020dd   Thumb Code    98  heap_4.o(i.prvHeapInit)
    i.prvIdleTask                            0x08002158   Section        0  tasks.o(i.prvIdleTask)
    prvIdleTask                              0x08002159   Thumb Code    32  tasks.o(i.prvIdleTask)
    i.prvInitialiseNewQueue                  0x08002180   Section        0  queue.o(i.prvInitialiseNewQueue)
    prvInitialiseNewQueue                    0x08002181   Thumb Code    38  queue.o(i.prvInitialiseNewQueue)
    i.prvInitialiseNewTask                   0x080021a6   Section        0  tasks.o(i.prvInitialiseNewTask)
    prvInitialiseNewTask                     0x080021a7   Thumb Code   128  tasks.o(i.prvInitialiseNewTask)
    i.prvInitialiseTaskLists                 0x08002228   Section        0  tasks.o(i.prvInitialiseTaskLists)
    prvInitialiseTaskLists                   0x08002229   Thumb Code    70  tasks.o(i.prvInitialiseTaskLists)
    i.prvInsertBlockIntoFreeList             0x08002290   Section        0  heap_4.o(i.prvInsertBlockIntoFreeList)
    prvInsertBlockIntoFreeList               0x08002291   Thumb Code    96  heap_4.o(i.prvInsertBlockIntoFreeList)
    i.prvInsertTimerInActiveList             0x080022f8   Section        0  timers.o(i.prvInsertTimerInActiveList)
    prvInsertTimerInActiveList               0x080022f9   Thumb Code    80  timers.o(i.prvInsertTimerInActiveList)
    i.prvIsQueueEmpty                        0x08002350   Section        0  queue.o(i.prvIsQueueEmpty)
    prvIsQueueEmpty                          0x08002351   Thumb Code    26  queue.o(i.prvIsQueueEmpty)
    i.prvIsQueueFull                         0x0800236a   Section        0  queue.o(i.prvIsQueueFull)
    prvIsQueueFull                           0x0800236b   Thumb Code    30  queue.o(i.prvIsQueueFull)
    i.prvProcessExpiredTimer                 0x08002388   Section        0  timers.o(i.prvProcessExpiredTimer)
    prvProcessExpiredTimer                   0x08002389   Thumb Code    70  timers.o(i.prvProcessExpiredTimer)
    i.prvProcessReceivedCommands             0x080023d4   Section        0  timers.o(i.prvProcessReceivedCommands)
    prvProcessReceivedCommands               0x080023d5   Thumb Code   184  timers.o(i.prvProcessReceivedCommands)
    i.prvProcessTimerOrBlockTask             0x08002490   Section        0  timers.o(i.prvProcessTimerOrBlockTask)
    prvProcessTimerOrBlockTask               0x08002491   Thumb Code   102  timers.o(i.prvProcessTimerOrBlockTask)
    i.prvResetNextTaskUnblockTime            0x08002504   Section        0  tasks.o(i.prvResetNextTaskUnblockTime)
    prvResetNextTaskUnblockTime              0x08002505   Thumb Code    42  tasks.o(i.prvResetNextTaskUnblockTime)
    i.prvSampleTimeNow                       0x08002538   Section        0  timers.o(i.prvSampleTimeNow)
    prvSampleTimeNow                         0x08002539   Thumb Code    40  timers.o(i.prvSampleTimeNow)
    i.prvSwitchTimerLists                    0x08002564   Section        0  timers.o(i.prvSwitchTimerLists)
    prvSwitchTimerLists                      0x08002565   Thumb Code   122  timers.o(i.prvSwitchTimerLists)
    i.prvTaskExitError                       0x080025e8   Section        0  port.o(i.prvTaskExitError)
    prvTaskExitError                         0x080025e9   Thumb Code    22  port.o(i.prvTaskExitError)
    i.prvTimerTask                           0x080025fe   Section        0  timers.o(i.prvTimerTask)
    prvTimerTask                             0x080025ff   Thumb Code    26  timers.o(i.prvTimerTask)
    i.prvUnlockQueue                         0x08002618   Section        0  queue.o(i.prvUnlockQueue)
    prvUnlockQueue                           0x08002619   Thumb Code   126  queue.o(i.prvUnlockQueue)
    i.pvPortMalloc                           0x08002698   Section        0  heap_4.o(i.pvPortMalloc)
    i.pxPortInitialiseStack                  0x08002768   Section        0  port.o(i.pxPortInitialiseStack)
    i.receive_task                           0x0800278c   Section        0  main.o(i.receive_task)
    i.send_task                              0x08003498   Section        0  main.o(i.send_task)
    i.start_task                             0x08003698   Section        0  main.o(i.start_task)
    i.uxListRemove                           0x08003744   Section        0  list.o(i.uxListRemove)
    i.vListInitialise                        0x0800376c   Section        0  list.o(i.vListInitialise)
    i.vListInitialiseItem                    0x08003786   Section        0  list.o(i.vListInitialiseItem)
    i.vListInsert                            0x0800378c   Section        0  list.o(i.vListInsert)
    i.vListInsertEnd                         0x080037c0   Section        0  list.o(i.vListInsertEnd)
    i.vPortEnterCritical                     0x080037d8   Section        0  port.o(i.vPortEnterCritical)
    i.vPortExitCritical                      0x080037fc   Section        0  port.o(i.vPortExitCritical)
    i.vPortFree                              0x0800381c   Section        0  heap_4.o(i.vPortFree)
    i.vPortSetupTimerInterrupt               0x08003864   Section        0  port.o(i.vPortSetupTimerInterrupt)
    i.vQueueWaitForMessageRestricted         0x08003878   Section        0  queue.o(i.vQueueWaitForMessageRestricted)
    i.vTaskDelay                             0x080038c4   Section        0  tasks.o(i.vTaskDelay)
    i.vTaskDelete                            0x080038f8   Section        0  tasks.o(i.vTaskDelete)
    i.vTaskMissedYield                       0x080039c4   Section        0  tasks.o(i.vTaskMissedYield)
    i.vTaskPlaceOnEventList                  0x080039d0   Section        0  tasks.o(i.vTaskPlaceOnEventList)
    i.vTaskPlaceOnEventListRestricted        0x080039f0   Section        0  tasks.o(i.vTaskPlaceOnEventListRestricted)
    i.vTaskSetTimeOutState                   0x08003a18   Section        0  tasks.o(i.vTaskSetTimeOutState)
    i.vTaskStartScheduler                    0x08003a30   Section        0  tasks.o(i.vTaskStartScheduler)
    i.vTaskSuspendAll                        0x08003aa0   Section        0  tasks.o(i.vTaskSuspendAll)
    i.vTaskSwitchContext                     0x08003ab0   Section        0  tasks.o(i.vTaskSwitchContext)
    i.xPortStartScheduler                    0x08003b10   Section        0  port.o(i.xPortStartScheduler)
    i.xQueueGenericCreate                    0x08003b44   Section        0  queue.o(i.xQueueGenericCreate)
    i.xQueueGenericReceive                   0x08003b7c   Section        0  queue.o(i.xQueueGenericReceive)
    i.xQueueGenericReset                     0x08003cb8   Section        0  queue.o(i.xQueueGenericReset)
    i.xQueueGenericSend                      0x08003d38   Section        0  queue.o(i.xQueueGenericSend)
    i.xQueueGenericSendFromISR               0x08003e50   Section        0  queue.o(i.xQueueGenericSendFromISR)
    i.xTaskCheckForTimeOut                   0x08003ed8   Section        0  tasks.o(i.xTaskCheckForTimeOut)
    i.xTaskCreate                            0x08003f34   Section        0  tasks.o(i.xTaskCreate)
    i.xTaskGetSchedulerState                 0x08003f94   Section        0  tasks.o(i.xTaskGetSchedulerState)
    i.xTaskGetTickCount                      0x08003fb4   Section        0  tasks.o(i.xTaskGetTickCount)
    i.xTaskIncrementTick                     0x08003fc0   Section        0  tasks.o(i.xTaskIncrementTick)
    i.xTaskRemoveFromEventList               0x080040dc   Section        0  tasks.o(i.xTaskRemoveFromEventList)
    i.xTaskResumeAll                         0x0800415c   Section        0  tasks.o(i.xTaskResumeAll)
    i.xTimerCreateTimerTask                  0x08004244   Section        0  timers.o(i.xTimerCreateTimerTask)
    i.xTimerGenericCommand                   0x08004284   Section        0  timers.o(i.xTimerGenericCommand)
    .constdata                               0x080042f0   Section     1520  oled.o(.constdata)
    .constdata                               0x080048e0   Section      129  ctype_o.o(.constdata)
    .constdata                               0x08004964   Section        4  ctype_o.o(.constdata)
    table                                    0x08004964   Data           4  ctype_o.o(.constdata)
    .data                                    0x20000000   Section       20  stm32f10x_rcc.o(.data)
    APBAHBPrescTable                         0x20000000   Data          16  stm32f10x_rcc.o(.data)
    ADCPrescTable                            0x20000010   Data           4  stm32f10x_rcc.o(.data)
    .data                                    0x20000014   Section       60  main.o(.data)
    distNum                                  0x20000045   Data           1  main.o(.data)
    .data                                    0x20000050   Section       60  tasks.o(.data)
    pxDelayedTaskList                        0x20000054   Data           4  tasks.o(.data)
    pxOverflowDelayedTaskList                0x20000058   Data           4  tasks.o(.data)
    uxDeletedTasksWaitingCleanUp             0x2000005c   Data           4  tasks.o(.data)
    uxCurrentNumberOfTasks                   0x20000060   Data           4  tasks.o(.data)
    xTickCount                               0x20000064   Data           4  tasks.o(.data)
    uxTopReadyPriority                       0x20000068   Data           4  tasks.o(.data)
    xSchedulerRunning                        0x2000006c   Data           4  tasks.o(.data)
    uxPendedTicks                            0x20000070   Data           4  tasks.o(.data)
    xYieldPending                            0x20000074   Data           4  tasks.o(.data)
    xNumOfOverflows                          0x20000078   Data           4  tasks.o(.data)
    uxTaskNumber                             0x2000007c   Data           4  tasks.o(.data)
    xNextTaskUnblockTime                     0x20000080   Data           4  tasks.o(.data)
    xIdleTaskHandle                          0x20000084   Data           4  tasks.o(.data)
    uxSchedulerSuspended                     0x20000088   Data           4  tasks.o(.data)
    .data                                    0x2000008c   Section       20  timers.o(.data)
    pxCurrentTimerList                       0x2000008c   Data           4  timers.o(.data)
    pxOverflowTimerList                      0x20000090   Data           4  timers.o(.data)
    xTimerQueue                              0x20000094   Data           4  timers.o(.data)
    xTimerTaskHandle                         0x20000098   Data           4  timers.o(.data)
    xLastTime                                0x2000009c   Data           4  timers.o(.data)
    .data                                    0x200000a0   Section       24  heap_4.o(.data)
    xStart                                   0x200000a0   Data           8  heap_4.o(.data)
    pxEnd                                    0x200000a8   Data           4  heap_4.o(.data)
    xFreeBytesRemaining                      0x200000ac   Data           4  heap_4.o(.data)
    xMinimumEverFreeBytesRemaining           0x200000b0   Data           4  heap_4.o(.data)
    xBlockAllocatedBit                       0x200000b4   Data           4  heap_4.o(.data)
    .data                                    0x200000b8   Section        4  port.o(.data)
    uxCriticalNesting                        0x200000b8   Data           4  port.o(.data)
    .data                                    0x200000bc   Section       14  serial.o(.data)
    RxState                                  0x200000c8   Data           1  serial.o(.data)
    pRxPacket                                0x200000c9   Data           1  serial.o(.data)
    .data                                    0x200000ca   Section        2  ultrasonic.o(.data)
    .data                                    0x200000cc   Section        4  strtok.o(.data)
    state                                    0x200000cc   Data           4  strtok.o(.data)
    .data                                    0x200000d0   Section        4  errno.o(.data)
    _errno                                   0x200000d0   Data           4  errno.o(.data)
    .bss                                     0x200000d4   Section      740  tasks.o(.bss)
    pxReadyTasksLists                        0x200000d4   Data         640  tasks.o(.bss)
    xDelayedTaskList1                        0x20000354   Data          20  tasks.o(.bss)
    xDelayedTaskList2                        0x20000368   Data          20  tasks.o(.bss)
    xPendingReadyList                        0x2000037c   Data          20  tasks.o(.bss)
    xTasksWaitingTermination                 0x20000390   Data          20  tasks.o(.bss)
    xSuspendedTaskList                       0x200003a4   Data          20  tasks.o(.bss)
    .bss                                     0x200003b8   Section       40  timers.o(.bss)
    xActiveTimerList1                        0x200003b8   Data          20  timers.o(.bss)
    xActiveTimerList2                        0x200003cc   Data          20  timers.o(.bss)
    .bss                                     0x200003e0   Section    10240  heap_4.o(.bss)
    ucHeap                                   0x200003e0   Data       10240  heap_4.o(.bss)
    .bss                                     0x20002be0   Section      200  serial.o(.bss)
    STACK                                    0x20002ca8   Section     1024  startup_stm32f10x_md.o(STACK)

    Global Symbols

    Symbol Name                              Value     Ov Type        Size  Object(Section)

    BuildAttributes$$THM_ISAv4$P$D$K$B$S$PE$A:L22UL41UL21$X:L11$S22US41US21$IEEE1$IW$USESV6$~STKCKD$USESV7$~SHL$OTIME$ROPI$EBA8$MICROLIB$REQ8$PRES8$EABIv2 0x00000000   Number         0  anon$$obj.o ABSOLUTE
    __ARM_use_no_argv                        0x00000000   Number         0  main.o ABSOLUTE
    __arm_fini_                               - Undefined Weak Reference
    __cpp_initialize__aeabi_                  - Undefined Weak Reference
    __cxa_finalize                            - Undefined Weak Reference
    __decompress                              - Undefined Weak Reference
    _clock_init                               - Undefined Weak Reference
    _microlib_exit                            - Undefined Weak Reference
    __Vectors_Size                           0x000000ec   Number         0  startup_stm32f10x_md.o ABSOLUTE
    __Vectors                                0x08000000   Data           4  startup_stm32f10x_md.o(RESET)
    __Vectors_End                            0x080000ec   Data           0  startup_stm32f10x_md.o(RESET)
    __main                                   0x080000ed   Thumb Code     0  entry.o(.ARM.Collect$$$$00000000)
    _main_stk                                0x080000ed   Thumb Code     0  entry2.o(.ARM.Collect$$$$00000001)
    _main_scatterload                        0x080000f1   Thumb Code     0  entry5.o(.ARM.Collect$$$$00000004)
    __main_after_scatterload                 0x080000f5   Thumb Code     0  entry5.o(.ARM.Collect$$$$00000004)
    _main_clock                              0x080000f5   Thumb Code     0  entry7b.o(.ARM.Collect$$$$00000008)
    _main_cpp_init                           0x080000f5   Thumb Code     0  entry8b.o(.ARM.Collect$$$$0000000A)
    _main_init                               0x080000f5   Thumb Code     0  entry9a.o(.ARM.Collect$$$$0000000B)
    __rt_lib_shutdown_fini                   0x080000fd   Thumb Code     0  entry12b.o(.ARM.Collect$$$$0000000E)
    __rt_final_cpp                           0x08000101   Thumb Code     0  entry10a.o(.ARM.Collect$$$$0000000F)
    __rt_final_exit                          0x08000101   Thumb Code     0  entry11a.o(.ARM.Collect$$$$00000011)
    SVC_Handler                              0x08000105   Thumb Code    32  port.o(.emb_text)
    __asm___6_port_c_39a90d8d__prvStartFirstTask 0x08000129   Thumb Code    28  port.o(.emb_text)
    PendSV_Handler                           0x08000149   Thumb Code    72  port.o(.emb_text)
    vPortGetIPSR                             0x08000195   Thumb Code     6  port.o(.emb_text)
    Reset_Handler                            0x0800019d   Thumb Code     8  startup_stm32f10x_md.o(.text)
    ADC1_2_IRQHandler                        0x080001b7   Thumb Code     0  startup_stm32f10x_md.o(.text)
    CAN1_RX1_IRQHandler                      0x080001b7   Thumb Code     0  startup_stm32f10x_md.o(.text)
    CAN1_SCE_IRQHandler                      0x080001b7   Thumb Code     0  startup_stm32f10x_md.o(.text)
    DMA1_Channel1_IRQHandler                 0x080001b7   Thumb Code     0  startup_stm32f10x_md.o(.text)
    DMA1_Channel2_IRQHandler                 0x080001b7   Thumb Code     0  startup_stm32f10x_md.o(.text)
    DMA1_Channel3_IRQHandler                 0x080001b7   Thumb Code     0  startup_stm32f10x_md.o(.text)
    DMA1_Channel4_IRQHandler                 0x080001b7   Thumb Code     0  startup_stm32f10x_md.o(.text)
    DMA1_Channel5_IRQHandler                 0x080001b7   Thumb Code     0  startup_stm32f10x_md.o(.text)
    DMA1_Channel6_IRQHandler                 0x080001b7   Thumb Code     0  startup_stm32f10x_md.o(.text)
    DMA1_Channel7_IRQHandler                 0x080001b7   Thumb Code     0  startup_stm32f10x_md.o(.text)
    EXTI0_IRQHandler                         0x080001b7   Thumb Code     0  startup_stm32f10x_md.o(.text)
    EXTI15_10_IRQHandler                     0x080001b7   Thumb Code     0  startup_stm32f10x_md.o(.text)
    EXTI1_IRQHandler                         0x080001b7   Thumb Code     0  startup_stm32f10x_md.o(.text)
    EXTI2_IRQHandler                         0x080001b7   Thumb Code     0  startup_stm32f10x_md.o(.text)
    EXTI3_IRQHandler                         0x080001b7   Thumb Code     0  startup_stm32f10x_md.o(.text)
    EXTI4_IRQHandler                         0x080001b7   Thumb Code     0  startup_stm32f10x_md.o(.text)
    EXTI9_5_IRQHandler                       0x080001b7   Thumb Code     0  startup_stm32f10x_md.o(.text)
    FLASH_IRQHandler                         0x080001b7   Thumb Code     0  startup_stm32f10x_md.o(.text)
    I2C1_ER_IRQHandler                       0x080001b7   Thumb Code     0  startup_stm32f10x_md.o(.text)
    I2C1_EV_IRQHandler                       0x080001b7   Thumb Code     0  startup_stm32f10x_md.o(.text)
    I2C2_ER_IRQHandler                       0x080001b7   Thumb Code     0  startup_stm32f10x_md.o(.text)
    I2C2_EV_IRQHandler                       0x080001b7   Thumb Code     0  startup_stm32f10x_md.o(.text)
    PVD_IRQHandler                           0x080001b7   Thumb Code     0  startup_stm32f10x_md.o(.text)
    RCC_IRQHandler                           0x080001b7   Thumb Code     0  startup_stm32f10x_md.o(.text)
    RTCAlarm_IRQHandler                      0x080001b7   Thumb Code     0  startup_stm32f10x_md.o(.text)
    RTC_IRQHandler                           0x080001b7   Thumb Code     0  startup_stm32f10x_md.o(.text)
    SPI1_IRQHandler                          0x080001b7   Thumb Code     0  startup_stm32f10x_md.o(.text)
    SPI2_IRQHandler                          0x080001b7   Thumb Code     0  startup_stm32f10x_md.o(.text)
    TAMPER_IRQHandler                        0x080001b7   Thumb Code     0  startup_stm32f10x_md.o(.text)
    TIM1_BRK_IRQHandler                      0x080001b7   Thumb Code     0  startup_stm32f10x_md.o(.text)
    TIM1_CC_IRQHandler                       0x080001b7   Thumb Code     0  startup_stm32f10x_md.o(.text)
    TIM1_TRG_COM_IRQHandler                  0x080001b7   Thumb Code     0  startup_stm32f10x_md.o(.text)
    TIM1_UP_IRQHandler                       0x080001b7   Thumb Code     0  startup_stm32f10x_md.o(.text)
    TIM2_IRQHandler                          0x080001b7   Thumb Code     0  startup_stm32f10x_md.o(.text)
    TIM3_IRQHandler                          0x080001b7   Thumb Code     0  startup_stm32f10x_md.o(.text)
    USART2_IRQHandler                        0x080001b7   Thumb Code     0  startup_stm32f10x_md.o(.text)
    USART3_IRQHandler                        0x080001b7   Thumb Code     0  startup_stm32f10x_md.o(.text)
    USBWakeUp_IRQHandler                     0x080001b7   Thumb Code     0  startup_stm32f10x_md.o(.text)
    USB_HP_CAN1_TX_IRQHandler                0x080001b7   Thumb Code     0  startup_stm32f10x_md.o(.text)
    USB_LP_CAN1_RX0_IRQHandler               0x080001b7   Thumb Code     0  startup_stm32f10x_md.o(.text)
    WWDG_IRQHandler                          0x080001b7   Thumb Code     0  startup_stm32f10x_md.o(.text)
    __aeabi_memcpy                           0x080001c1   Thumb Code    36  memcpya.o(.text)
    __aeabi_memcpy4                          0x080001c1   Thumb Code     0  memcpya.o(.text)
    __aeabi_memcpy8                          0x080001c1   Thumb Code     0  memcpya.o(.text)
    strlen                                   0x080001e5   Thumb Code    14  strlen.o(.text)
    strcmp                                   0x080001f3   Thumb Code    28  strcmp.o(.text)
    strtok                                   0x08000211   Thumb Code    62  strtok.o(.text)
    atoi                                     0x08000255   Thumb Code    26  atoi.o(.text)
    __aeabi_fadd                             0x0800026f   Thumb Code   164  fadd.o(.text)
    __aeabi_fsub                             0x08000313   Thumb Code     6  fadd.o(.text)
    __aeabi_frsub                            0x08000319   Thumb Code     6  fadd.o(.text)
    __aeabi_fmul                             0x0800031f   Thumb Code   100  fmul.o(.text)
    __aeabi_fdiv                             0x08000383   Thumb Code   124  fdiv.o(.text)
    __aeabi_dmul                             0x080003ff   Thumb Code   228  dmul.o(.text)
    __aeabi_ddiv                             0x080004e3   Thumb Code   222  ddiv.o(.text)
    __aeabi_i2f                              0x080005c1   Thumb Code    18  fflti.o(.text)
    __aeabi_ui2f                             0x080005d3   Thumb Code    10  ffltui.o(.text)
    __aeabi_ui2d                             0x080005dd   Thumb Code    26  dfltui.o(.text)
    __aeabi_f2uiz                            0x080005f7   Thumb Code    40  ffixui.o(.text)
    __aeabi_d2uiz                            0x0800061f   Thumb Code    50  dfixui.o(.text)
    __aeabi_llsr                             0x08000651   Thumb Code    32  llushr.o(.text)
    _ll_ushift_r                             0x08000651   Thumb Code     0  llushr.o(.text)
    strtol                                   0x08000671   Thumb Code   112  strtol.o(.text)
    __I$use$fp                               0x080006e1   Thumb Code     0  iusefp.o(.text)
    _float_round                             0x080006e1   Thumb Code    18  fepilogue.o(.text)
    _float_epilogue                          0x080006f3   Thumb Code    92  fepilogue.o(.text)
    _double_round                            0x0800074f   Thumb Code    30  depilogue.o(.text)
    _double_epilogue                         0x0800076d   Thumb Code   156  depilogue.o(.text)
    __scatterload                            0x08000809   Thumb Code    28  init.o(.text)
    __scatterload_rt2                        0x08000809   Thumb Code     0  init.o(.text)
    __aeabi_llsl                             0x0800082d   Thumb Code    30  llshl.o(.text)
    _ll_shift_l                              0x0800082d   Thumb Code     0  llshl.o(.text)
    __rt_ctype_table                         0x0800084d   Thumb Code     4  ctype_o.o(.text)
    _strtoul                                 0x08000855   Thumb Code   158  _strtoul.o(.text)
    _chval                                   0x080008f3   Thumb Code    28  _chval.o(.text)
    BusFault_Handler                         0x0800090f   Thumb Code     4  stm32f10x_it.o(i.BusFault_Handler)
    DebugMon_Handler                         0x08000913   Thumb Code     2  stm32f10x_it.o(i.DebugMon_Handler)
    Delay_ms                                 0x08000915   Thumb Code    24  delay.o(i.Delay_ms)
    Delay_us                                 0x0800092d   Thumb Code    46  delay.o(i.Delay_us)
    GPIO_Init                                0x0800095b   Thumb Code   278  stm32f10x_gpio.o(i.GPIO_Init)
    GPIO_ReadInputDataBit                    0x08000a71   Thumb Code    18  stm32f10x_gpio.o(i.GPIO_ReadInputDataBit)
    GPIO_ResetBits                           0x08000a83   Thumb Code     4  stm32f10x_gpio.o(i.GPIO_ResetBits)
    GPIO_SetBits                             0x08000a87   Thumb Code     4  stm32f10x_gpio.o(i.GPIO_SetBits)
    GPIO_WriteBit                            0x08000a8b   Thumb Code    10  stm32f10x_gpio.o(i.GPIO_WriteBit)
    HardFault_Handler                        0x08000a95   Thumb Code     4  stm32f10x_it.o(i.HardFault_Handler)
    LED_Init                                 0x08000a99   Thumb Code    36  led_1.o(i.LED_Init)
    MemManage_Handler                        0x08000ac1   Thumb Code     4  stm32f10x_it.o(i.MemManage_Handler)
    Motor_Init                               0x08000ac5   Thumb Code   138  motor.o(i.Motor_Init)
    Motor_SetSpeed                           0x08000b59   Thumb Code    68  motor.o(i.Motor_SetSpeed)
    Motor_SetSpeed2                          0x08000ba1   Thumb Code    68  motor.o(i.Motor_SetSpeed2)
    Motor_SetSpeed3                          0x08000be9   Thumb Code    70  motor.o(i.Motor_SetSpeed3)
    Motor_SetSpeed4                          0x08000c35   Thumb Code    70  motor.o(i.Motor_SetSpeed4)
    NMI_Handler                              0x08000c81   Thumb Code     2  stm32f10x_it.o(i.NMI_Handler)
    NVIC_Init                                0x08000c85   Thumb Code   100  misc.o(i.NVIC_Init)
    NVIC_PriorityGroupConfig                 0x08000cf5   Thumb Code    10  misc.o(i.NVIC_PriorityGroupConfig)
    OLED_Clear                               0x08000d2d   Thumb Code    42  oled.o(i.OLED_Clear)
    OLED_I2C_Init                            0x08000d59   Thumb Code    58  oled.o(i.OLED_I2C_Init)
    OLED_I2C_SendByte                        0x08000d99   Thumb Code    80  oled.o(i.OLED_I2C_SendByte)
    OLED_I2C_Start                           0x08000ded   Thumb Code    48  oled.o(i.OLED_I2C_Start)
    OLED_I2C_Stop                            0x08000e21   Thumb Code    24  oled.o(i.OLED_I2C_Stop)
    OLED_Init                                0x08000e3d   Thumb Code   174  oled.o(i.OLED_Init)
    OLED_Pow                                 0x08000eeb   Thumb Code    20  oled.o(i.OLED_Pow)
    OLED_SetCursor                           0x08000eff   Thumb Code    34  oled.o(i.OLED_SetCursor)
    OLED_ShowChar                            0x08000f21   Thumb Code   110  oled.o(i.OLED_ShowChar)
    OLED_ShowNum                             0x08000f95   Thumb Code    68  oled.o(i.OLED_ShowNum)
    OLED_ShowSignedNum                       0x08000fd9   Thumb Code   102  oled.o(i.OLED_ShowSignedNum)
    OLED_ShowString                          0x0800103f   Thumb Code    40  oled.o(i.OLED_ShowString)
    OLED_WriteCommand                        0x08001067   Thumb Code    32  oled.o(i.OLED_WriteCommand)
    OLED_WriteData                           0x08001087   Thumb Code    32  oled.o(i.OLED_WriteData)
    PWM_Init                                 0x080010a9   Thumb Code   312  pwm.o(i.PWM_Init)
    PWM_SetCompare1                          0x080011e9   Thumb Code    16  pwm.o(i.PWM_SetCompare1)
    PWM_SetCompare2                          0x080011f9   Thumb Code    16  pwm.o(i.PWM_SetCompare2)
    PWM_SetCompare3                          0x08001209   Thumb Code    16  pwm.o(i.PWM_SetCompare3)
    PWM_SetCompare4                          0x08001219   Thumb Code    16  pwm.o(i.PWM_SetCompare4)
    PWM_TIM3_SetCompare1                     0x08001229   Thumb Code    14  pwm.o(i.PWM_TIM3_SetCompare1)
    RCC_APB1PeriphClockCmd                   0x0800123d   Thumb Code    26  stm32f10x_rcc.o(i.RCC_APB1PeriphClockCmd)
    RCC_APB2PeriphClockCmd                   0x0800125d   Thumb Code    26  stm32f10x_rcc.o(i.RCC_APB2PeriphClockCmd)
    RCC_GetClocksFreq                        0x0800127d   Thumb Code   192  stm32f10x_rcc.o(i.RCC_GetClocksFreq)
    Serial_Init                              0x08001351   Thumb Code   178  serial.o(i.Serial_Init)
    Serial_SendByte                          0x0800140d   Thumb Code    28  serial.o(i.Serial_SendByte)
    Serial_SendString                        0x0800142d   Thumb Code    26  serial.o(i.Serial_SendString)
    Servo1_SetAngle                          0x08001449   Thumb Code    48  servo.o(i.Servo1_SetAngle)
    Servo_Init                               0x08001485   Thumb Code    10  servo.o(i.Servo_Init)
    SysTick_Handler                          0x08001579   Thumb Code    46  port.o(i.SysTick_Handler)
    SystemInit                               0x080015ad   Thumb Code    78  system_stm32f10x.o(i.SystemInit)
    TIM4_IRQHandler                          0x0800160d   Thumb Code    46  timer.o(i.TIM4_IRQHandler)
    TIM_ClearFlag                            0x08001649   Thumb Code     6  stm32f10x_tim.o(i.TIM_ClearFlag)
    TIM_ClearITPendingBit                    0x0800164f   Thumb Code     6  stm32f10x_tim.o(i.TIM_ClearITPendingBit)
    TIM_Cmd                                  0x08001655   Thumb Code    24  stm32f10x_tim.o(i.TIM_Cmd)
    TIM_GetITStatus                          0x0800166d   Thumb Code    34  stm32f10x_tim.o(i.TIM_GetITStatus)
    TIM_ITConfig                             0x0800168f   Thumb Code    18  stm32f10x_tim.o(i.TIM_ITConfig)
    TIM_InternalClockConfig                  0x080016a1   Thumb Code    12  stm32f10x_tim.o(i.TIM_InternalClockConfig)
    TIM_OC1Init                              0x080016ad   Thumb Code   132  stm32f10x_tim.o(i.TIM_OC1Init)
    TIM_OC2Init                              0x08001745   Thumb Code   154  stm32f10x_tim.o(i.TIM_OC2Init)
    TIM_OC3Init                              0x080017e9   Thumb Code   150  stm32f10x_tim.o(i.TIM_OC3Init)
    TIM_OC4Init                              0x08001889   Thumb Code   114  stm32f10x_tim.o(i.TIM_OC4Init)
    TIM_OCStructInit                         0x08001905   Thumb Code    20  stm32f10x_tim.o(i.TIM_OCStructInit)
    TIM_SetCompare1                          0x08001919   Thumb Code     4  stm32f10x_tim.o(i.TIM_SetCompare1)
    TIM_SetCompare2                          0x0800191d   Thumb Code     4  stm32f10x_tim.o(i.TIM_SetCompare2)
    TIM_SetCompare3                          0x08001921   Thumb Code     4  stm32f10x_tim.o(i.TIM_SetCompare3)
    TIM_SetCompare4                          0x08001925   Thumb Code     6  stm32f10x_tim.o(i.TIM_SetCompare4)
    TIM_TimeBaseInit                         0x0800192d   Thumb Code   122  stm32f10x_tim.o(i.TIM_TimeBaseInit)
    Timer_Init                               0x080019d1   Thumb Code   124  timer.o(i.Timer_Init)
    USART1_IRQHandler                        0x08001a55   Thumb Code   138  serial.o(i.USART1_IRQHandler)
    USART_ClearITPendingBit                  0x08001af5   Thumb Code    30  stm32f10x_usart.o(i.USART_ClearITPendingBit)
    USART_Cmd                                0x08001b13   Thumb Code    24  stm32f10x_usart.o(i.USART_Cmd)
    USART_GetFlagStatus                      0x08001b2b   Thumb Code    26  stm32f10x_usart.o(i.USART_GetFlagStatus)
    USART_ITConfig                           0x08001b45   Thumb Code    74  stm32f10x_usart.o(i.USART_ITConfig)
    USART_Init                               0x08001b91   Thumb Code   210  stm32f10x_usart.o(i.USART_Init)
    USART_ReceiveData                        0x08001c69   Thumb Code    10  stm32f10x_usart.o(i.USART_ReceiveData)
    USART_SendData                           0x08001c73   Thumb Code     8  stm32f10x_usart.o(i.USART_SendData)
    Ultrasonic_GetValue                      0x08001c7d   Thumb Code    66  ultrasonic.o(i.Ultrasonic_GetValue)
    Ultrasonic_Init                          0x08001cd1   Thumb Code    78  ultrasonic.o(i.Ultrasonic_Init)
    Ultrasonic_Start                         0x08001d25   Thumb Code    34  ultrasonic.o(i.Ultrasonic_Start)
    UsageFault_Handler                       0x08001d4d   Thumb Code     4  stm32f10x_it.o(i.UsageFault_Handler)
    __aeabi_errno_addr                       0x08001d51   Thumb Code     4  errno.o(i.__aeabi_errno_addr)
    __rt_errno_addr                          0x08001d51   Thumb Code     0  errno.o(i.__aeabi_errno_addr)
    __scatterload_copy                       0x08001d59   Thumb Code    14  handlers.o(i.__scatterload_copy)
    __scatterload_null                       0x08001d67   Thumb Code     2  handlers.o(i.__scatterload_null)
    __scatterload_zeroinit                   0x08001d69   Thumb Code    14  handlers.o(i.__scatterload_zeroinit)
    led1_task                                0x08001d79   Thumb Code    38  main.o(i.led1_task)
    main                                     0x08001da5   Thumb Code    78  main.o(i.main)
    pvPortMalloc                             0x08002699   Thumb Code   188  heap_4.o(i.pvPortMalloc)
    pxPortInitialiseStack                    0x08002769   Thumb Code    30  port.o(i.pxPortInitialiseStack)
    receive_task                             0x0800278d   Thumb Code  3284  main.o(i.receive_task)
    send_task                                0x08003499   Thumb Code   402  main.o(i.send_task)
    start_task                               0x08003699   Thumb Code    98  main.o(i.start_task)
    uxListRemove                             0x08003745   Thumb Code    40  list.o(i.uxListRemove)
    vListInitialise                          0x0800376d   Thumb Code    26  list.o(i.vListInitialise)
    vListInitialiseItem                      0x08003787   Thumb Code     6  list.o(i.vListInitialiseItem)
    vListInsert                              0x0800378d   Thumb Code    52  list.o(i.vListInsert)
    vListInsertEnd                           0x080037c1   Thumb Code    24  list.o(i.vListInsertEnd)
    vPortEnterCritical                       0x080037d9   Thumb Code    30  port.o(i.vPortEnterCritical)
    vPortExitCritical                        0x080037fd   Thumb Code    28  port.o(i.vPortExitCritical)
    vPortFree                                0x0800381d   Thumb Code    64  heap_4.o(i.vPortFree)
    vPortSetupTimerInterrupt                 0x08003865   Thumb Code    14  port.o(i.vPortSetupTimerInterrupt)
    vQueueWaitForMessageRestricted           0x08003879   Thumb Code    74  queue.o(i.vQueueWaitForMessageRestricted)
    vTaskDelay                               0x080038c5   Thumb Code    46  tasks.o(i.vTaskDelay)
    vTaskDelete                              0x080038f9   Thumb Code   166  tasks.o(i.vTaskDelete)
    vTaskMissedYield                         0x080039c5   Thumb Code     8  tasks.o(i.vTaskMissedYield)
    vTaskPlaceOnEventList                    0x080039d1   Thumb Code    28  tasks.o(i.vTaskPlaceOnEventList)
    vTaskPlaceOnEventListRestricted          0x080039f1   Thumb Code    36  tasks.o(i.vTaskPlaceOnEventListRestricted)
    vTaskSetTimeOutState                     0x08003a19   Thumb Code    14  tasks.o(i.vTaskSetTimeOutState)
    vTaskStartScheduler                      0x08003a31   Thumb Code    82  tasks.o(i.vTaskStartScheduler)
    vTaskSuspendAll                          0x08003aa1   Thumb Code    12  tasks.o(i.vTaskSuspendAll)
    vTaskSwitchContext                       0x08003ab1   Thumb Code    76  tasks.o(i.vTaskSwitchContext)
    xPortStartScheduler                      0x08003b11   Thumb Code    42  port.o(i.xPortStartScheduler)
    xQueueGenericCreate                      0x08003b45   Thumb Code    56  queue.o(i.xQueueGenericCreate)
    xQueueGenericReceive                     0x08003b7d   Thumb Code   312  queue.o(i.xQueueGenericReceive)
    xQueueGenericReset                       0x08003cb9   Thumb Code   122  queue.o(i.xQueueGenericReset)
    xQueueGenericSend                        0x08003d39   Thumb Code   276  queue.o(i.xQueueGenericSend)
    xQueueGenericSendFromISR                 0x08003e51   Thumb Code   134  queue.o(i.xQueueGenericSendFromISR)
    xTaskCheckForTimeOut                     0x08003ed9   Thumb Code    84  tasks.o(i.xTaskCheckForTimeOut)
    xTaskCreate                              0x08003f35   Thumb Code    96  tasks.o(i.xTaskCreate)
    xTaskGetSchedulerState                   0x08003f95   Thumb Code    24  tasks.o(i.xTaskGetSchedulerState)
    xTaskGetTickCount                        0x08003fb5   Thumb Code     6  tasks.o(i.xTaskGetTickCount)
    xTaskIncrementTick                       0x08003fc1   Thumb Code   238  tasks.o(i.xTaskIncrementTick)
    xTaskRemoveFromEventList                 0x080040dd   Thumb Code   104  tasks.o(i.xTaskRemoveFromEventList)
    xTaskResumeAll                           0x0800415d   Thumb Code   196  tasks.o(i.xTaskResumeAll)
    xTimerCreateTimerTask                    0x08004245   Thumb Code    42  timers.o(i.xTimerCreateTimerTask)
    xTimerGenericCommand                     0x08004285   Thumb Code   102  timers.o(i.xTimerGenericCommand)
    OLED_F8x16                               0x080042f0   Data        1520  oled.o(.constdata)
    __ctype_table                            0x080048e0   Data         129  ctype_o.o(.constdata)
    Region$$Table$$Base                      0x08004968   Number         0  anon$$obj.o(Region$$Table)
    Region$$Table$$Limit                     0x08004988   Number         0  anon$$obj.o(Region$$Table)
    StartTask_Handler                        0x20000014   Data           4  main.o(.data)
    LED1Task_Handler                         0x20000018   Data           4  main.o(.data)
    ReceiveTask_Handler                      0x2000001c   Data           4  main.o(.data)
    SendTask_Handler                         0x20000020   Data           4  main.o(.data)
    Test_Queue                               0x20000024   Data           4  main.o(.data)
    i                                        0x20000028   Data           1  main.o(.data)
    Angle1                                   0x2000002c   Data           4  main.o(.data)
    Angle2                                   0x20000030   Data           4  main.o(.data)
    Speed                                    0x20000034   Data           1  main.o(.data)
    Key1Flag                                 0x20000035   Data           1  main.o(.data)
    Key2Flag                                 0x20000036   Data           1  main.o(.data)
    strArray                                 0x20000038   Data           8  main.o(.data)
    Length                                   0x20000040   Data           2  main.o(.data)
    flagMid                                  0x20000042   Data           1  main.o(.data)
    flagLeft                                 0x20000043   Data           1  main.o(.data)
    flagRight                                0x20000044   Data           1  main.o(.data)
    KeyNum                                   0x20000046   Data           1  main.o(.data)
    sum                                      0x20000048   Data           2  main.o(.data)
    z                                        0x2000004a   Data           1  main.o(.data)
    cmdLeft                                  0x2000004b   Data           1  main.o(.data)
    cmdAuto                                  0x2000004c   Data           1  main.o(.data)
    cmdRight                                 0x2000004d   Data           1  main.o(.data)
    isActive                                 0x2000004e   Data           1  main.o(.data)
    deg                                      0x2000004f   Data           1  main.o(.data)
    pxCurrentTCB                             0x20000050   Data           4  tasks.o(.data)
    k                                        0x200000bc   Data           1  serial.o(.data)
    Serial_RxFlag                            0x200000bd   Data           1  serial.o(.data)
    StrArray                                 0x200000c0   Data           8  serial.o(.data)
    Time                                     0x200000ca   Data           2  ultrasonic.o(.data)
    Serial_RxPacket                          0x20002be0   Data         200  serial.o(.bss)
    __initial_sp                             0x200030a8   Data           0  startup_stm32f10x_md.o(STACK)



==============================================================================

Memory Map of the image

  Image Entry point : 0x080000ed

  Load Region LR_IROM1 (Base: 0x08000000, Size: 0x00004a5c, Max: 0x00010000, ABSOLUTE)

    Execution Region ER_IROM1 (Exec base: 0x08000000, Load base: 0x08000000, Size: 0x00004988, Max: 0x00010000, ABSOLUTE)

    Exec Addr    Load Addr    Size         Type   Attr      Idx    E Section Name        Object

    0x08000000   0x08000000   0x000000ec   Data   RO           19    RESET               startup_stm32f10x_md.o
    0x080000ec   0x080000ec   0x00000000   Code   RO         4917  * .ARM.Collect$$$$00000000  mc_w.l(entry.o)
    0x080000ec   0x080000ec   0x00000004   Code   RO         4984    .ARM.Collect$$$$00000001  mc_w.l(entry2.o)
    0x080000f0   0x080000f0   0x00000004   Code   RO         4987    .ARM.Collect$$$$00000004  mc_w.l(entry5.o)
    0x080000f4   0x080000f4   0x00000000   Code   RO         4989    .ARM.Collect$$$$00000008  mc_w.l(entry7b.o)
    0x080000f4   0x080000f4   0x00000000   Code   RO         4991    .ARM.Collect$$$$0000000A  mc_w.l(entry8b.o)
    0x080000f4   0x080000f4   0x00000008   Code   RO         4992    .ARM.Collect$$$$0000000B  mc_w.l(entry9a.o)
    0x080000fc   0x080000fc   0x00000004   Code   RO         4999    .ARM.Collect$$$$0000000E  mc_w.l(entry12b.o)
    0x08000100   0x08000100   0x00000000   Code   RO         4994    .ARM.Collect$$$$0000000F  mc_w.l(entry10a.o)
    0x08000100   0x08000100   0x00000000   Code   RO         4996    .ARM.Collect$$$$00000011  mc_w.l(entry11a.o)
    0x08000100   0x08000100   0x00000004   Code   RO         4985    .ARM.Collect$$$$00002712  mc_w.l(entry2.o)
    0x08000104   0x08000104   0x00000096   Code   RO         4414    .emb_text           port.o
    0x0800019a   0x0800019a   0x00000002   PAD
    0x0800019c   0x0800019c   0x00000024   Code   RO           20    .text               startup_stm32f10x_md.o
    0x080001c0   0x080001c0   0x00000024   Code   RO         4920    .text               mc_w.l(memcpya.o)
    0x080001e4   0x080001e4   0x0000000e   Code   RO         4922    .text               mc_w.l(strlen.o)
    0x080001f2   0x080001f2   0x0000001c   Code   RO         4924    .text               mc_w.l(strcmp.o)
    0x0800020e   0x0800020e   0x00000002   PAD
    0x08000210   0x08000210   0x00000044   Code   RO         4926    .text               mc_w.l(strtok.o)
    0x08000254   0x08000254   0x0000001a   Code   RO         4962    .text               mc_w.l(atoi.o)
    0x0800026e   0x0800026e   0x000000b0   Code   RO         4964    .text               mf_w.l(fadd.o)
    0x0800031e   0x0800031e   0x00000064   Code   RO         4966    .text               mf_w.l(fmul.o)
    0x08000382   0x08000382   0x0000007c   Code   RO         4968    .text               mf_w.l(fdiv.o)
    0x080003fe   0x080003fe   0x000000e4   Code   RO         4970    .text               mf_w.l(dmul.o)
    0x080004e2   0x080004e2   0x000000de   Code   RO         4972    .text               mf_w.l(ddiv.o)
    0x080005c0   0x080005c0   0x00000012   Code   RO         4974    .text               mf_w.l(fflti.o)
    0x080005d2   0x080005d2   0x0000000a   Code   RO         4976    .text               mf_w.l(ffltui.o)
    0x080005dc   0x080005dc   0x0000001a   Code   RO         4978    .text               mf_w.l(dfltui.o)
    0x080005f6   0x080005f6   0x00000028   Code   RO         4980    .text               mf_w.l(ffixui.o)
    0x0800061e   0x0800061e   0x00000032   Code   RO         4982    .text               mf_w.l(dfixui.o)
    0x08000650   0x08000650   0x00000020   Code   RO         5005    .text               mc_w.l(llushr.o)
    0x08000670   0x08000670   0x00000070   Code   RO         5014    .text               mc_w.l(strtol.o)
    0x080006e0   0x080006e0   0x00000000   Code   RO         5016    .text               mc_w.l(iusefp.o)
    0x080006e0   0x080006e0   0x0000006e   Code   RO         5017    .text               mf_w.l(fepilogue.o)
    0x0800074e   0x0800074e   0x000000ba   Code   RO         5019    .text               mf_w.l(depilogue.o)
    0x08000808   0x08000808   0x00000024   Code   RO         5027    .text               mc_w.l(init.o)
    0x0800082c   0x0800082c   0x0000001e   Code   RO         5029    .text               mc_w.l(llshl.o)
    0x0800084a   0x0800084a   0x00000002   PAD
    0x0800084c   0x0800084c   0x00000008   Code   RO         5033    .text               mc_w.l(ctype_o.o)
    0x08000854   0x08000854   0x0000009e   Code   RO         5061    .text               mc_w.l(_strtoul.o)
    0x080008f2   0x080008f2   0x0000001c   Code   RO         5063    .text               mc_w.l(_chval.o)
    0x0800090e   0x0800090e   0x00000004   Code   RO         3530    i.BusFault_Handler  stm32f10x_it.o
    0x08000912   0x08000912   0x00000002   Code   RO         3531    i.DebugMon_Handler  stm32f10x_it.o
    0x08000914   0x08000914   0x00000018   Code   RO         3196    i.Delay_ms          delay.o
    0x0800092c   0x0800092c   0x0000002e   Code   RO         3198    i.Delay_us          delay.o
    0x0800095a   0x0800095a   0x00000116   Code   RO         1347    i.GPIO_Init         stm32f10x_gpio.o
    0x08000a70   0x08000a70   0x00000012   Code   RO         1351    i.GPIO_ReadInputDataBit  stm32f10x_gpio.o
    0x08000a82   0x08000a82   0x00000004   Code   RO         1354    i.GPIO_ResetBits    stm32f10x_gpio.o
    0x08000a86   0x08000a86   0x00000004   Code   RO         1355    i.GPIO_SetBits      stm32f10x_gpio.o
    0x08000a8a   0x08000a8a   0x0000000a   Code   RO         1358    i.GPIO_WriteBit     stm32f10x_gpio.o
    0x08000a94   0x08000a94   0x00000004   Code   RO         3532    i.HardFault_Handler  stm32f10x_it.o
    0x08000a98   0x08000a98   0x00000028   Code   RO         4485    i.LED_Init          led_1.o
    0x08000ac0   0x08000ac0   0x00000004   Code   RO         3533    i.MemManage_Handler  stm32f10x_it.o
    0x08000ac4   0x08000ac4   0x00000094   Code   RO         4626    i.Motor_Init        motor.o
    0x08000b58   0x08000b58   0x00000048   Code   RO         4627    i.Motor_SetSpeed    motor.o
    0x08000ba0   0x08000ba0   0x00000048   Code   RO         4628    i.Motor_SetSpeed2   motor.o
    0x08000be8   0x08000be8   0x0000004c   Code   RO         4629    i.Motor_SetSpeed3   motor.o
    0x08000c34   0x08000c34   0x0000004c   Code   RO         4630    i.Motor_SetSpeed4   motor.o
    0x08000c80   0x08000c80   0x00000002   Code   RO         3534    i.NMI_Handler       stm32f10x_it.o
    0x08000c82   0x08000c82   0x00000002   PAD
    0x08000c84   0x08000c84   0x00000070   Code   RO          137    i.NVIC_Init         misc.o
    0x08000cf4   0x08000cf4   0x00000014   Code   RO          138    i.NVIC_PriorityGroupConfig  misc.o
    0x08000d08   0x08000d08   0x00000024   Code   RO         3325    i.NVIC_SystemReset  main.o
    0x08000d2c   0x08000d2c   0x0000002a   Code   RO         4518    i.OLED_Clear        oled.o
    0x08000d56   0x08000d56   0x00000002   PAD
    0x08000d58   0x08000d58   0x00000040   Code   RO         4519    i.OLED_I2C_Init     oled.o
    0x08000d98   0x08000d98   0x00000054   Code   RO         4520    i.OLED_I2C_SendByte  oled.o
    0x08000dec   0x08000dec   0x00000034   Code   RO         4521    i.OLED_I2C_Start    oled.o
    0x08000e20   0x08000e20   0x0000001c   Code   RO         4522    i.OLED_I2C_Stop     oled.o
    0x08000e3c   0x08000e3c   0x000000ae   Code   RO         4523    i.OLED_Init         oled.o
    0x08000eea   0x08000eea   0x00000014   Code   RO         4524    i.OLED_Pow          oled.o
    0x08000efe   0x08000efe   0x00000022   Code   RO         4525    i.OLED_SetCursor    oled.o
    0x08000f20   0x08000f20   0x00000074   Code   RO         4527    i.OLED_ShowChar     oled.o
    0x08000f94   0x08000f94   0x00000044   Code   RO         4529    i.OLED_ShowNum      oled.o
    0x08000fd8   0x08000fd8   0x00000066   Code   RO         4530    i.OLED_ShowSignedNum  oled.o
    0x0800103e   0x0800103e   0x00000028   Code   RO         4531    i.OLED_ShowString   oled.o
    0x08001066   0x08001066   0x00000020   Code   RO         4532    i.OLED_WriteCommand  oled.o
    0x08001086   0x08001086   0x00000020   Code   RO         4533    i.OLED_WriteData    oled.o
    0x080010a6   0x080010a6   0x00000002   PAD
    0x080010a8   0x080010a8   0x00000140   Code   RO         4665    i.PWM_Init          pwm.o
    0x080011e8   0x080011e8   0x00000010   Code   RO         4666    i.PWM_SetCompare1   pwm.o
    0x080011f8   0x080011f8   0x00000010   Code   RO         4667    i.PWM_SetCompare2   pwm.o
    0x08001208   0x08001208   0x00000010   Code   RO         4668    i.PWM_SetCompare3   pwm.o
    0x08001218   0x08001218   0x00000010   Code   RO         4669    i.PWM_SetCompare4   pwm.o
    0x08001228   0x08001228   0x00000014   Code   RO         4670    i.PWM_TIM3_SetCompare1  pwm.o
    0x0800123c   0x0800123c   0x00000020   Code   RO         1775    i.RCC_APB1PeriphClockCmd  stm32f10x_rcc.o
    0x0800125c   0x0800125c   0x00000020   Code   RO         1777    i.RCC_APB2PeriphClockCmd  stm32f10x_rcc.o
    0x0800127c   0x0800127c   0x000000d4   Code   RO         1785    i.RCC_GetClocksFreq  stm32f10x_rcc.o
    0x08001350   0x08001350   0x000000bc   Code   RO         4713    i.Serial_Init       serial.o
    0x0800140c   0x0800140c   0x00000020   Code   RO         4717    i.Serial_SendByte   serial.o
    0x0800142c   0x0800142c   0x0000001a   Code   RO         4719    i.Serial_SendString  serial.o
    0x08001446   0x08001446   0x00000002   PAD
    0x08001448   0x08001448   0x0000003c   Code   RO         4790    i.Servo1_SetAngle   servo.o
    0x08001484   0x08001484   0x0000000a   Code   RO         4792    i.Servo_Init        servo.o
    0x0800148e   0x0800148e   0x00000008   Code   RO           24    i.SetSysClock       system_stm32f10x.o
    0x08001496   0x08001496   0x00000002   PAD
    0x08001498   0x08001498   0x000000e0   Code   RO           25    i.SetSysClockTo72   system_stm32f10x.o
    0x08001578   0x08001578   0x00000034   Code   RO         4415    i.SysTick_Handler   port.o
    0x080015ac   0x080015ac   0x00000060   Code   RO           27    i.SystemInit        system_stm32f10x.o
    0x0800160c   0x0800160c   0x0000003c   Code   RO         3220    i.TIM4_IRQHandler   timer.o
    0x08001648   0x08001648   0x00000006   Code   RO         2415    i.TIM_ClearFlag     stm32f10x_tim.o
    0x0800164e   0x0800164e   0x00000006   Code   RO         2416    i.TIM_ClearITPendingBit  stm32f10x_tim.o
    0x08001654   0x08001654   0x00000018   Code   RO         2421    i.TIM_Cmd           stm32f10x_tim.o
    0x0800166c   0x0800166c   0x00000022   Code   RO         2442    i.TIM_GetITStatus   stm32f10x_tim.o
    0x0800168e   0x0800168e   0x00000012   Code   RO         2446    i.TIM_ITConfig      stm32f10x_tim.o
    0x080016a0   0x080016a0   0x0000000c   Code   RO         2448    i.TIM_InternalClockConfig  stm32f10x_tim.o
    0x080016ac   0x080016ac   0x00000098   Code   RO         2450    i.TIM_OC1Init       stm32f10x_tim.o
    0x08001744   0x08001744   0x000000a4   Code   RO         2455    i.TIM_OC2Init       stm32f10x_tim.o
    0x080017e8   0x080017e8   0x000000a0   Code   RO         2460    i.TIM_OC3Init       stm32f10x_tim.o
    0x08001888   0x08001888   0x0000007c   Code   RO         2465    i.TIM_OC4Init       stm32f10x_tim.o
    0x08001904   0x08001904   0x00000014   Code   RO         2468    i.TIM_OCStructInit  stm32f10x_tim.o
    0x08001918   0x08001918   0x00000004   Code   RO         2482    i.TIM_SetCompare1   stm32f10x_tim.o
    0x0800191c   0x0800191c   0x00000004   Code   RO         2483    i.TIM_SetCompare2   stm32f10x_tim.o
    0x08001920   0x08001920   0x00000004   Code   RO         2484    i.TIM_SetCompare3   stm32f10x_tim.o
    0x08001924   0x08001924   0x00000006   Code   RO         2485    i.TIM_SetCompare4   stm32f10x_tim.o
    0x0800192a   0x0800192a   0x00000002   PAD
    0x0800192c   0x0800192c   0x000000a4   Code   RO         2492    i.TIM_TimeBaseInit  stm32f10x_tim.o
    0x080019d0   0x080019d0   0x00000084   Code   RO         3221    i.Timer_Init        timer.o
    0x08001a54   0x08001a54   0x000000a0   Code   RO         4720    i.USART1_IRQHandler  serial.o
    0x08001af4   0x08001af4   0x0000001e   Code   RO         2957    i.USART_ClearITPendingBit  stm32f10x_usart.o
    0x08001b12   0x08001b12   0x00000018   Code   RO         2960    i.USART_Cmd         stm32f10x_usart.o
    0x08001b2a   0x08001b2a   0x0000001a   Code   RO         2963    i.USART_GetFlagStatus  stm32f10x_usart.o
    0x08001b44   0x08001b44   0x0000004a   Code   RO         2966    i.USART_ITConfig    stm32f10x_usart.o
    0x08001b8e   0x08001b8e   0x00000002   PAD
    0x08001b90   0x08001b90   0x000000d8   Code   RO         2967    i.USART_Init        stm32f10x_usart.o
    0x08001c68   0x08001c68   0x0000000a   Code   RO         2974    i.USART_ReceiveData  stm32f10x_usart.o
    0x08001c72   0x08001c72   0x00000008   Code   RO         2977    i.USART_SendData    stm32f10x_usart.o
    0x08001c7a   0x08001c7a   0x00000002   PAD
    0x08001c7c   0x08001c7c   0x00000054   Code   RO         4814    i.Ultrasonic_GetValue  ultrasonic.o
    0x08001cd0   0x08001cd0   0x00000054   Code   RO         4815    i.Ultrasonic_Init   ultrasonic.o
    0x08001d24   0x08001d24   0x00000028   Code   RO         4816    i.Ultrasonic_Start  ultrasonic.o
    0x08001d4c   0x08001d4c   0x00000004   Code   RO         3535    i.UsageFault_Handler  stm32f10x_it.o
    0x08001d50   0x08001d50   0x00000008   Code   RO         5007    i.__aeabi_errno_addr  mc_w.l(errno.o)
    0x08001d58   0x08001d58   0x0000000e   Code   RO         5067    i.__scatterload_copy  mc_w.l(handlers.o)
    0x08001d66   0x08001d66   0x00000002   Code   RO         5068    i.__scatterload_null  mc_w.l(handlers.o)
    0x08001d68   0x08001d68   0x0000000e   Code   RO         5069    i.__scatterload_zeroinit  mc_w.l(handlers.o)
    0x08001d76   0x08001d76   0x00000002   PAD
    0x08001d78   0x08001d78   0x0000002c   Code   RO         3326    i.led1_task         main.o
    0x08001da4   0x08001da4   0x0000006c   Code   RO         3327    i.main              main.o
    0x08001e10   0x08001e10   0x00000098   Code   RO         3961    i.prvAddCurrentTaskToDelayedList  tasks.o
    0x08001ea8   0x08001ea8   0x000000b4   Code   RO         3962    i.prvAddNewTaskToReadyList  tasks.o
    0x08001f5c   0x08001f5c   0x0000004c   Code   RO         4247    i.prvCheckForValidListAndQueue  timers.o
    0x08001fa8   0x08001fa8   0x00000064   Code   RO         3963    i.prvCheckTasksWaitingTermination  tasks.o
    0x0800200c   0x0800200c   0x0000002a   Code   RO         3822    i.prvCopyDataFromQueue  queue.o
    0x08002036   0x08002036   0x0000006a   Code   RO         3823    i.prvCopyDataToQueue  queue.o
    0x080020a0   0x080020a0   0x00000012   Code   RO         3964    i.prvDeleteTCB      tasks.o
    0x080020b2   0x080020b2   0x00000002   PAD
    0x080020b4   0x080020b4   0x00000028   Code   RO         4248    i.prvGetNextExpireTime  timers.o
    0x080020dc   0x080020dc   0x0000007c   Code   RO         4365    i.prvHeapInit       heap_4.o
    0x08002158   0x08002158   0x00000028   Code   RO         3965    i.prvIdleTask       tasks.o
    0x08002180   0x08002180   0x00000026   Code   RO         3824    i.prvInitialiseNewQueue  queue.o
    0x080021a6   0x080021a6   0x00000080   Code   RO         3966    i.prvInitialiseNewTask  tasks.o
    0x08002226   0x08002226   0x00000002   PAD
    0x08002228   0x08002228   0x00000068   Code   RO         3967    i.prvInitialiseTaskLists  tasks.o
    0x08002290   0x08002290   0x00000068   Code   RO         4366    i.prvInsertBlockIntoFreeList  heap_4.o
    0x080022f8   0x080022f8   0x00000058   Code   RO         4250    i.prvInsertTimerInActiveList  timers.o
    0x08002350   0x08002350   0x0000001a   Code   RO         3825    i.prvIsQueueEmpty   queue.o
    0x0800236a   0x0800236a   0x0000001e   Code   RO         3826    i.prvIsQueueFull    queue.o
    0x08002388   0x08002388   0x0000004c   Code   RO         4251    i.prvProcessExpiredTimer  timers.o
    0x080023d4   0x080023d4   0x000000bc   Code   RO         4252    i.prvProcessReceivedCommands  timers.o
    0x08002490   0x08002490   0x00000074   Code   RO         4253    i.prvProcessTimerOrBlockTask  timers.o
    0x08002504   0x08002504   0x00000034   Code   RO         3968    i.prvResetNextTaskUnblockTime  tasks.o
    0x08002538   0x08002538   0x0000002c   Code   RO         4254    i.prvSampleTimeNow  timers.o
    0x08002564   0x08002564   0x00000084   Code   RO         4255    i.prvSwitchTimerLists  timers.o
    0x080025e8   0x080025e8   0x00000016   Code   RO         4416    i.prvTaskExitError  port.o
    0x080025fe   0x080025fe   0x0000001a   Code   RO         4256    i.prvTimerTask      timers.o
    0x08002618   0x08002618   0x0000007e   Code   RO         3827    i.prvUnlockQueue    queue.o
    0x08002696   0x08002696   0x00000002   PAD
    0x08002698   0x08002698   0x000000d0   Code   RO         4367    i.pvPortMalloc      heap_4.o
    0x08002768   0x08002768   0x00000024   Code   RO         4417    i.pxPortInitialiseStack  port.o
    0x0800278c   0x0800278c   0x00000d0c   Code   RO         3328    i.receive_task      main.o
    0x08003498   0x08003498   0x00000200   Code   RO         3329    i.send_task         main.o
    0x08003698   0x08003698   0x000000ac   Code   RO         3330    i.start_task        main.o
    0x08003744   0x08003744   0x00000028   Code   RO         3786    i.uxListRemove      list.o
    0x0800376c   0x0800376c   0x0000001a   Code   RO         3787    i.vListInitialise   list.o
    0x08003786   0x08003786   0x00000006   Code   RO         3788    i.vListInitialiseItem  list.o
    0x0800378c   0x0800378c   0x00000034   Code   RO         3789    i.vListInsert       list.o
    0x080037c0   0x080037c0   0x00000018   Code   RO         3790    i.vListInsertEnd    list.o
    0x080037d8   0x080037d8   0x00000024   Code   RO         4419    i.vPortEnterCritical  port.o
    0x080037fc   0x080037fc   0x00000020   Code   RO         4420    i.vPortExitCritical  port.o
    0x0800381c   0x0800381c   0x00000048   Code   RO         4368    i.vPortFree         heap_4.o
    0x08003864   0x08003864   0x00000014   Code   RO         4421    i.vPortSetupTimerInterrupt  port.o
    0x08003878   0x08003878   0x0000004a   Code   RO         3832    i.vQueueWaitForMessageRestricted  queue.o
    0x080038c2   0x080038c2   0x00000002   PAD
    0x080038c4   0x080038c4   0x00000034   Code   RO         3975    i.vTaskDelay        tasks.o
    0x080038f8   0x080038f8   0x000000cc   Code   RO         3977    i.vTaskDelete       tasks.o
    0x080039c4   0x080039c4   0x0000000c   Code   RO         3979    i.vTaskMissedYield  tasks.o
    0x080039d0   0x080039d0   0x00000020   Code   RO         3981    i.vTaskPlaceOnEventList  tasks.o
    0x080039f0   0x080039f0   0x00000028   Code   RO         3982    i.vTaskPlaceOnEventListRestricted  tasks.o
    0x08003a18   0x08003a18   0x00000018   Code   RO         3986    i.vTaskSetTimeOutState  tasks.o
    0x08003a30   0x08003a30   0x00000070   Code   RO         3987    i.vTaskStartScheduler  tasks.o
    0x08003aa0   0x08003aa0   0x00000010   Code   RO         3989    i.vTaskSuspendAll   tasks.o
    0x08003ab0   0x08003ab0   0x00000060   Code   RO         3990    i.vTaskSwitchContext  tasks.o
    0x08003b10   0x08003b10   0x00000034   Code   RO         4422    i.xPortStartScheduler  port.o
    0x08003b44   0x08003b44   0x00000038   Code   RO         3834    i.xQueueGenericCreate  queue.o
    0x08003b7c   0x08003b7c   0x0000013c   Code   RO         3835    i.xQueueGenericReceive  queue.o
    0x08003cb8   0x08003cb8   0x00000080   Code   RO         3836    i.xQueueGenericReset  queue.o
    0x08003d38   0x08003d38   0x00000118   Code   RO         3837    i.xQueueGenericSend  queue.o
    0x08003e50   0x08003e50   0x00000086   Code   RO         3838    i.xQueueGenericSendFromISR  queue.o
    0x08003ed6   0x08003ed6   0x00000002   PAD
    0x08003ed8   0x08003ed8   0x0000005c   Code   RO         3991    i.xTaskCheckForTimeOut  tasks.o
    0x08003f34   0x08003f34   0x00000060   Code   RO         3992    i.xTaskCreate       tasks.o
    0x08003f94   0x08003f94   0x00000020   Code   RO         3995    i.xTaskGetSchedulerState  tasks.o
    0x08003fb4   0x08003fb4   0x0000000c   Code   RO         3996    i.xTaskGetTickCount  tasks.o
    0x08003fc0   0x08003fc0   0x0000011c   Code   RO         3998    i.xTaskIncrementTick  tasks.o
    0x080040dc   0x080040dc   0x00000080   Code   RO         4001    i.xTaskRemoveFromEventList  tasks.o
    0x0800415c   0x0800415c   0x000000e8   Code   RO         4003    i.xTaskResumeAll    tasks.o
    0x08004244   0x08004244   0x00000040   Code   RO         4260    i.xTimerCreateTimerTask  timers.o
    0x08004284   0x08004284   0x0000006c   Code   RO         4261    i.xTimerGenericCommand  timers.o
    0x080042f0   0x080042f0   0x000005f0   Data   RO         4534    .constdata          oled.o
    0x080048e0   0x080048e0   0x00000081   Data   RO         5034    .constdata          mc_w.l(ctype_o.o)
    0x08004961   0x08004961   0x00000003   PAD
    0x08004964   0x08004964   0x00000004   Data   RO         5035    .constdata          mc_w.l(ctype_o.o)
    0x08004968   0x08004968   0x00000020   Data   RO         5065    Region$$Table       anon$$obj.o


    Execution Region RW_IRAM1 (Exec base: 0x20000000, Load base: 0x08004988, Size: 0x000030a8, Max: 0x00005000, ABSOLUTE)

    Exec Addr    Load Addr    Size         Type   Attr      Idx    E Section Name        Object

    0x20000000   0x08004988   0x00000014   Data   RW         1805    .data               stm32f10x_rcc.o
    0x20000014   0x0800499c   0x0000003c   Data   RW         3331    .data               main.o
    0x20000050   0x080049d8   0x0000003c   Data   RW         4006    .data               tasks.o
    0x2000008c   0x08004a14   0x00000014   Data   RW         4267    .data               timers.o
    0x200000a0   0x08004a28   0x00000018   Data   RW         4373    .data               heap_4.o
    0x200000b8   0x08004a40   0x00000004   Data   RW         4423    .data               port.o
    0x200000bc   0x08004a44   0x0000000e   Data   RW         4723    .data               serial.o
    0x200000ca   0x08004a52   0x00000002   Data   RW         4817    .data               ultrasonic.o
    0x200000cc   0x08004a54   0x00000004   Data   RW         4927    .data               mc_w.l(strtok.o)
    0x200000d0   0x08004a58   0x00000004   Data   RW         5010    .data               mc_w.l(errno.o)
    0x200000d4        -       0x000002e4   Zero   RW         4005    .bss                tasks.o
    0x200003b8        -       0x00000028   Zero   RW         4266    .bss                timers.o
    0x200003e0        -       0x00002800   Zero   RW         4372    .bss                heap_4.o
    0x20002be0        -       0x000000c8   Zero   RW         4722    .bss                serial.o
    0x20002ca8        -       0x00000400   Zero   RW           17    STACK               startup_stm32f10x_md.o


==============================================================================

Image component sizes


      Code (inc. data)   RO Data    RW Data    ZI Data      Debug   Object Name

         0          0          0          0          0       4540   core_cm3.o
        70          0          0          0          0        890   delay.o
         0          0          0          0          0      11604   event_groups.o
       508         62          0         24      10240       3735   heap_4.o
        40          4          0          0          0        459   led_1.o
       148          0          0          0          0       2986   list.o
      4212        538          0         60          0     233381   main.o
       132         22          0          0          0     204783   misc.o
       444         30          0          0          0       2596   motor.o
       888         24       1520          0          0       8198   oled.o
       400         50          0          4          0       8936   port.o
       404         14          0          0          0       3330   pwm.o
      1356         14          0          0          0      13026   queue.o
       406         36          0         14        200       3787   serial.o
        70         12          0          0          0        923   servo.o
        36          8        236          0       1024        760   startup_stm32f10x_md.o
       314          0          0          0          0      12328   stm32f10x_gpio.o
        20          0          0          0          0      12301   stm32f10x_it.o
       276         32          0         20          0      12978   stm32f10x_rcc.o
       902         92          0          0          0      29611   stm32f10x_tim.o
       388          6          0          0          0      11715   stm32f10x_usart.o
       328         28          0          0          0      10581   system_stm32f10x.o
      2238        372          0         60        740      25650   tasks.o
       192         22          0          0          0     239003   timer.o
       958        108          0         20         40       7967   timers.o
       208         30          0          2          0       1686   ultrasonic.o

    ----------------------------------------------------------------------
     14966       1504       1788        204      12244     867754   Object Totals
         0          0         32          0          0          0   (incl. Generated)
        28          0          0          0          0          0   (incl. Padding)

    ----------------------------------------------------------------------

      Code (inc. data)   RO Data    RW Data    ZI Data      Debug   Library Member Name

        28          0          0          0          0         68   _chval.o
       158          0          0          0          0         92   _strtoul.o
        26          0          0          0          0         80   atoi.o
         8          4        133          0          0         68   ctype_o.o
         0          0          0          0          0          0   entry.o
         0          0          0          0          0          0   entry10a.o
         0          0          0          0          0          0   entry11a.o
         4          0          0          0          0          0   entry12b.o
         8          4          0          0          0          0   entry2.o
         4          0          0          0          0          0   entry5.o
         0          0          0          0          0          0   entry7b.o
         0          0          0          0          0          0   entry8b.o
         8          4          0          0          0          0   entry9a.o
         8          4          0          4          0         68   errno.o
        30          0          0          0          0          0   handlers.o
        36          8          0          0          0         68   init.o
         0          0          0          0          0          0   iusefp.o
        30          0          0          0          0         68   llshl.o
        32          0          0          0          0         68   llushr.o
        36          0          0          0          0         68   memcpya.o
        28          0          0          0          0         76   strcmp.o
        14          0          0          0          0         68   strlen.o
        68          6          0          4          0         80   strtok.o
       112          0          0          0          0         88   strtol.o
       222          0          0          0          0        100   ddiv.o
       186          0          0          0          0        176   depilogue.o
        50          0          0          0          0         76   dfixui.o
        26          0          0          0          0         76   dfltui.o
       228          0          0          0          0         96   dmul.o
       176          0          0          0          0        140   fadd.o
       124          0          0          0          0         88   fdiv.o
       110          0          0          0          0        168   fepilogue.o
        40          0          0          0          0         68   ffixui.o
        18          0          0          0          0         68   fflti.o
        10          0          0          0          0         68   ffltui.o
       100          0          0          0          0         76   fmul.o

    ----------------------------------------------------------------------
      1934         30        136          8          0       2160   Library Totals
         6          0          3          0          0          0   (incl. Padding)

    ----------------------------------------------------------------------

      Code (inc. data)   RO Data    RW Data    ZI Data      Debug   Library Name

       638         30        133          8          0        960   mc_w.l
      1290          0          0          0          0       1200   mf_w.l

    ----------------------------------------------------------------------
      1934         30        136          8          0       2160   Library Totals

    ----------------------------------------------------------------------

==============================================================================


      Code (inc. data)   RO Data    RW Data    ZI Data      Debug   

     16900       1534       1924        212      12244     861278   Grand Totals
     16900       1534       1924        212      12244     861278   ELF Image Totals
     16900       1534       1924        212          0          0   ROM Totals

==============================================================================

    Total RO  Size (Code + RO Data)                18824 (  18.38kB)
    Total RW  Size (RW Data + ZI Data)             12456 (  12.16kB)
    Total ROM Size (Code + RO Data + RW Data)      19036 (  18.59kB)

==============================================================================

